Archive member included to satisfy reference by file (symbol)

C:/ST/STM32CubeIDE_1.19.0/STM32CubeIDE/plugins/com.st.stm32cube.ide.mcu.externaltools.gnu-tools-for-stm32.13.3.rel1.win32_1.0.0.202411081344/tools/bin/../lib/gcc/arm-none-eabi/13.3.1/../../../../arm-none-eabi/lib/thumb/v7e-m+dp/hard\libc_nano.a(libc_a-exit.o)
                              C:/ST/STM32CubeIDE_1.19.0/STM32CubeIDE/plugins/com.st.stm32cube.ide.mcu.externaltools.gnu-tools-for-stm32.13.3.rel1.win32_1.0.0.202411081344/tools/bin/../lib/gcc/arm-none-eabi/13.3.1/../../../../arm-none-eabi/lib/thumb/v7e-m+dp/hard/crt0.o (exit)
C:/ST/STM32CubeIDE_1.19.0/STM32CubeIDE/plugins/com.st.stm32cube.ide.mcu.externaltools.gnu-tools-for-stm32.13.3.rel1.win32_1.0.0.202411081344/tools/bin/../lib/gcc/arm-none-eabi/13.3.1/../../../../arm-none-eabi/lib/thumb/v7e-m+dp/hard\libc_nano.a(libc_a-findfp.o)
                              C:/ST/STM32CubeIDE_1.19.0/STM32CubeIDE/plugins/com.st.stm32cube.ide.mcu.externaltools.gnu-tools-for-stm32.13.3.rel1.win32_1.0.0.202411081344/tools/bin/../lib/gcc/arm-none-eabi/13.3.1/../../../../arm-none-eabi/lib/thumb/v7e-m+dp/hard\libc_nano.a(libc_a-exit.o) (__stdio_exit_handler)
C:/ST/STM32CubeIDE_1.19.0/STM32CubeIDE/plugins/com.st.stm32cube.ide.mcu.externaltools.gnu-tools-for-stm32.13.3.rel1.win32_1.0.0.202411081344/tools/bin/../lib/gcc/arm-none-eabi/13.3.1/../../../../arm-none-eabi/lib/thumb/v7e-m+dp/hard\libc_nano.a(libc_a-fwalk.o)
                              C:/ST/STM32CubeIDE_1.19.0/STM32CubeIDE/plugins/com.st.stm32cube.ide.mcu.externaltools.gnu-tools-for-stm32.13.3.rel1.win32_1.0.0.202411081344/tools/bin/../lib/gcc/arm-none-eabi/13.3.1/../../../../arm-none-eabi/lib/thumb/v7e-m+dp/hard\libc_nano.a(libc_a-findfp.o) (_fwalk_sglue)
C:/ST/STM32CubeIDE_1.19.0/STM32CubeIDE/plugins/com.st.stm32cube.ide.mcu.externaltools.gnu-tools-for-stm32.13.3.rel1.win32_1.0.0.202411081344/tools/bin/../lib/gcc/arm-none-eabi/13.3.1/../../../../arm-none-eabi/lib/thumb/v7e-m+dp/hard\libc_nano.a(libc_a-sprintf.o)
                              ./Core/Src/main.o (sprintf)
C:/ST/STM32CubeIDE_1.19.0/STM32CubeIDE/plugins/com.st.stm32cube.ide.mcu.externaltools.gnu-tools-for-stm32.13.3.rel1.win32_1.0.0.202411081344/tools/bin/../lib/gcc/arm-none-eabi/13.3.1/../../../../arm-none-eabi/lib/thumb/v7e-m+dp/hard\libc_nano.a(libc_a-stdio.o)
                              C:/ST/STM32CubeIDE_1.19.0/STM32CubeIDE/plugins/com.st.stm32cube.ide.mcu.externaltools.gnu-tools-for-stm32.13.3.rel1.win32_1.0.0.202411081344/tools/bin/../lib/gcc/arm-none-eabi/13.3.1/../../../../arm-none-eabi/lib/thumb/v7e-m+dp/hard\libc_nano.a(libc_a-findfp.o) (__sread)
C:/ST/STM32CubeIDE_1.19.0/STM32CubeIDE/plugins/com.st.stm32cube.ide.mcu.externaltools.gnu-tools-for-stm32.13.3.rel1.win32_1.0.0.202411081344/tools/bin/../lib/gcc/arm-none-eabi/13.3.1/../../../../arm-none-eabi/lib/thumb/v7e-m+dp/hard\libc_nano.a(libc_a-memcmp.o)
                              ./Core/Src/main.o (memcmp)
C:/ST/STM32CubeIDE_1.19.0/STM32CubeIDE/plugins/com.st.stm32cube.ide.mcu.externaltools.gnu-tools-for-stm32.13.3.rel1.win32_1.0.0.202411081344/tools/bin/../lib/gcc/arm-none-eabi/13.3.1/../../../../arm-none-eabi/lib/thumb/v7e-m+dp/hard\libc_nano.a(libc_a-memset.o)
                              C:/ST/STM32CubeIDE_1.19.0/STM32CubeIDE/plugins/com.st.stm32cube.ide.mcu.externaltools.gnu-tools-for-stm32.13.3.rel1.win32_1.0.0.202411081344/tools/bin/../lib/gcc/arm-none-eabi/13.3.1/../../../../arm-none-eabi/lib/thumb/v7e-m+dp/hard/crt0.o (memset)
C:/ST/STM32CubeIDE_1.19.0/STM32CubeIDE/plugins/com.st.stm32cube.ide.mcu.externaltools.gnu-tools-for-stm32.13.3.rel1.win32_1.0.0.202411081344/tools/bin/../lib/gcc/arm-none-eabi/13.3.1/../../../../arm-none-eabi/lib/thumb/v7e-m+dp/hard\libc_nano.a(libc_a-closer.o)
                              C:/ST/STM32CubeIDE_1.19.0/STM32CubeIDE/plugins/com.st.stm32cube.ide.mcu.externaltools.gnu-tools-for-stm32.13.3.rel1.win32_1.0.0.202411081344/tools/bin/../lib/gcc/arm-none-eabi/13.3.1/../../../../arm-none-eabi/lib/thumb/v7e-m+dp/hard\libc_nano.a(libc_a-stdio.o) (_close_r)
C:/ST/STM32CubeIDE_1.19.0/STM32CubeIDE/plugins/com.st.stm32cube.ide.mcu.externaltools.gnu-tools-for-stm32.13.3.rel1.win32_1.0.0.202411081344/tools/bin/../lib/gcc/arm-none-eabi/13.3.1/../../../../arm-none-eabi/lib/thumb/v7e-m+dp/hard\libc_nano.a(libc_a-reent.o)
                              C:/ST/STM32CubeIDE_1.19.0/STM32CubeIDE/plugins/com.st.stm32cube.ide.mcu.externaltools.gnu-tools-for-stm32.13.3.rel1.win32_1.0.0.202411081344/tools/bin/../lib/gcc/arm-none-eabi/13.3.1/../../../../arm-none-eabi/lib/thumb/v7e-m+dp/hard\libc_nano.a(libc_a-closer.o) (errno)
C:/ST/STM32CubeIDE_1.19.0/STM32CubeIDE/plugins/com.st.stm32cube.ide.mcu.externaltools.gnu-tools-for-stm32.13.3.rel1.win32_1.0.0.202411081344/tools/bin/../lib/gcc/arm-none-eabi/13.3.1/../../../../arm-none-eabi/lib/thumb/v7e-m+dp/hard\libc_nano.a(libc_a-impure.o)
[...]
Memory Configuration

Name             Origin             Length             Attributes
RAM              0x20000000         0x00080000         xrw
FLASH            0x08000000         0x00200000         xr
*default*        0x00000000         0xffffffff

Linker script and memory map

LOAD C:/ST/STM32CubeIDE_1.19.0/STM32CubeIDE/plugins/com.st.stm32cube.ide.mcu.externaltools.gnu-tools-for-stm32.13.3.rel1.win32_1.0.0.202411081344/tools/bin/../lib/gcc/arm-none-eabi/13.3.1/thumb/v7e-m+dp/hard/crti.o
LOAD C:/ST/STM32CubeIDE_1.19.0/STM32CubeIDE/plugins/com.st.stm32cube.ide.mcu.externaltools.gnu-tools-for-stm32.13.3.rel1.win32_1.0.0.202411081344/tools/bin/../lib/gcc/arm-none-eabi/13.3.1/thumb/v7e-m+dp/hard/crtbegin.o
LOAD C:/ST/STM32CubeIDE_1.19.0/STM32CubeIDE/plugins/com.st.stm32cube.ide.mcu.externaltools.gnu-tools-for-stm32.13.3.rel1.win32_1.0.0.202411081344/tools/bin/../lib/gcc/arm-none-eabi/13.3.1/../../../../arm-none-eabi/lib/thumb/v7e-m+dp/hard/crt0.o
LOAD ./Core/Src/ILI9341_GFX.o
LOAD ./Core/Src/ILI9341_STM32_Driver.o
LOAD ./Core/Src/ILI9341_Touchscreen.o
LOAD ./Core/Src/RC522.o
LOAD ./Core/Src/gpio.o
LOAD ./Core/Src/main.o
LOAD ./Core/Src/spi.o
LOAD ./Core/Src/stm32f7xx_hal_msp.o
LOAD ./Core/Src/stm32f7xx_it.o
LOAD ./Core/Src/syscalls.o
LOAD ./Core/Src/sysmem.o
LOAD ./Core/Src/system_stm32f7xx.o
LOAD ./Core/Src/tim.o
LOAD ./Core/Src/usart.o
LOAD ./Core/Startup/startup_stm32f767zitx.o
LOAD ./Drivers/STM32F7xx_HAL_Driver/Src/stm32f7xx_hal.o
LOAD ./Drivers/STM32F7xx_HAL_Driver/Src/stm32f7xx_hal_cortex.o
LOAD ./Drivers/STM32F7xx_HAL_Driver/Src/stm32f7xx_hal_dma.o
LOAD ./Drivers/STM32F7xx_HAL_Driver/Src/stm32f7xx_hal_dma_ex.o
LOAD ./Drivers/STM32F7xx_HAL_Driver/Src/stm32f7xx_hal_exti.o
LOAD ./Drivers/STM32F7xx_HAL_Driver/Src/stm32f7xx_hal_flash.o
LOAD ./Drivers/STM32F7xx_HAL_Driver/Src/stm32f7xx_hal_flash_ex.o
LOAD ./Drivers/STM32F7xx_HAL_Driver/Src/stm32f7xx_hal_gpio.o
LOAD ./Drivers/STM32F7xx_HAL_Driver/Src/stm32f7xx_hal_i2c.o
LOAD ./Drivers/STM32F7xx_HAL_Driver/Src/stm32f7xx_hal_i2c_ex.o
LOAD ./Drivers/STM32F7xx_HAL_Driver/Src/stm32f7xx_hal_pwr.o
LOAD ./Drivers/STM32F7xx_HAL_Driver/Src/stm32f7xx_hal_pwr_ex.o
LOAD ./Drivers/STM32F7xx_HAL_Driver/Src/stm32f7xx_hal_rcc.o
LOAD ./Drivers/STM32F7xx_HAL_Driver/Src/stm32f7xx_hal_rcc_ex.o
LOAD ./Drivers/STM32F7xx_HAL_Driver/Src/stm32f7xx_hal_spi.o
LOAD ./Drivers/STM32F7xx_HAL_Driver/Src/stm32f7xx_hal_spi_ex.o
LOAD ./Drivers/STM32F7xx_HAL_Driver/Src/stm32f7xx_hal_tim.o
LOAD ./Drivers/STM32F7xx_HAL_Driver/Src/stm32f7xx_hal_tim_ex.o
LOAD ./Drivers/STM32F7xx_HAL_Driver/Src/stm32f7xx_hal_uart.o
LOAD ./Drivers/STM32F7xx_HAL_Driver/Src/stm32f7xx_hal_uart_ex.o
START GROUP
LOAD C:/ST/STM32CubeIDE_1.19.0/STM32CubeIDE/plugins/com.st.stm32cube.ide.mcu.externaltools.gnu-tools-for-stm32.13.3.rel1.win32_1.0.0.202411081344/tools/bin/../lib/gcc/arm-none-eabi/13.3.1/../../../../arm-none-eabi/lib/thumb/v7e-m+dp/hard\libc_nano.a
LOAD C:/ST/STM32CubeIDE_1.19.0/STM32CubeIDE/plugins/com.st.stm32cube.ide.mcu.externaltools.gnu-tools-for-stm32.13.3.rel1.win32_1.0.0.202411081344/tools/bin/../lib/gcc/arm-none-eabi/13.3.1/../../../../arm-none-eabi/lib/thumb/v7e-m+dp/hard\libm.a
END GROUP
START GROUP
LOAD C:/ST/STM32CubeIDE_1.19.0/STM32CubeIDE/plugins/com.st.stm32cube.ide.mcu.externaltools.gnu-tools-for-stm32.13.3.rel1.win32_1.0.0.202411081344/tools/bin/../lib/gcc/arm-none-eabi/13.3.1/thumb/v7e-m+dp/hard\libgcc.a
LOAD C:/ST/STM32CubeIDE_1.19.0/STM32CubeIDE/plugins/com.st.stm32cube.ide.mcu.externaltools.gnu-tools-for-stm32.13.3.rel1.win32_1.0.0.202411081344/tools/bin/../lib/gcc/arm-none-eabi/13.3.1/../../../../arm-none-eabi/lib/thumb/v7e-m+dp/hard\libc_nano.a
END GROUP
START GROUP
LOAD C:/ST/STM32CubeIDE_1.19.0/STM32CubeIDE/plugins/com.st.stm32cube.ide.mcu.externaltools.gnu-tools-for-stm32.13.3.rel1.win32_1.0.0.202411081344/tools/bin/../lib/gcc/arm-none-eabi/13.3.1/thumb/v7e-m+dp/hard\libgcc.a
LOAD C:/ST/STM32CubeIDE_1.19.0/STM32CubeIDE/plugins/com.st.stm32cube.ide.mcu.externaltools.gnu-tools-for-stm32.13.3.rel1.win32_1.0.0.202411081344/tools/bin/../lib/gcc/arm-none-eabi/13.3.1/../../../../arm-none-eabi/lib/thumb/v7e-m+dp/hard\libc_nano.a
LOAD C:/ST/STM32CubeIDE_1.19.0/STM32CubeIDE/plugins/com.st.stm32cube.ide.mcu.externaltools.gnu-tools-for-stm32.13.3.rel1.win32_1.0.0.202411081344/tools/bin/../lib/gcc/arm-none-eabi/13.3.1/../../../../arm-none-eabi/lib/thumb/v7e-m+dp/hard\libnosys.a
END GROUP
START GROUP
LOAD C:/ST/STM32CubeIDE_1.19.0/STM32CubeIDE/plugins/com.st.stm32cube.ide.mcu.externaltools.gnu-tools-for-stm32.13.3.rel1.win32_1.0.0.202411081344/tools/bin/../lib/gcc/arm-none-eabi/13.3.1/thumb/v7e-m+dp/hard\libgcc.a
LOAD C:/ST/STM32CubeIDE_1.19.0/STM32CubeIDE/plugins/com.st.stm32cube.ide.mcu.externaltools.gnu-tools-for-stm32.13.3.rel1.win32_1.0.0.202411081344/tools/bin/../lib/gcc/arm-none-eabi/13.3.1/../../../../arm-none-eabi/lib/thumb/v7e-m+dp/hard\libc_nano.a
LOAD C:/ST/STM32CubeIDE_1.19.0/STM32CubeIDE/plugins/com.st.stm32cube.ide.mcu.externaltools.gnu-tools-for-stm32.13.3.rel1.win32_1.0.0.202411081344/tools/bin/../lib/gcc/arm-none-eabi/13.3.1/../../../../arm-none-eabi/lib/thumb/v7e-m+dp/hard\libnosys.a
END GROUP
LOAD C:/ST/STM32CubeIDE_1.19.0/STM32CubeIDE/plugins/com.st.stm32cube.ide.mcu.externaltools.gnu-tools-for-stm32.13.3.rel1.win32_1.0.0.202411081344/tools/bin/../lib/gcc/arm-none-eabi/13.3.1/thumb/v7e-m+dp/hard/crtend.o
LOAD C:/ST/STM32CubeIDE_1.19.0/STM32CubeIDE/plugins/com.st.stm32cube.ide.mcu.externaltools.gnu-tools-for-stm32.13.3.rel1.win32_1.0.0.202411081344/tools/bin/../lib/gcc/arm-none-eabi/13.3.1/thumb/v7e-m+dp/hard/crtn.o
                0x20080000                        _estack = (ORIGIN (RAM) + LENGTH (RAM))
                0x00000200                        _Min_Heap_Size = 0x200
                0x00000400                        _Min_Stack_Size = 0x400

.isr_vector     0x08000000      0x1f8
                0x08000000                        . = ALIGN (0x4)
 *(.isr_vector)
 .isr_vector    0x08000000      0x1f8 ./Core/Startup/startup_stm32f767zitx.o
                0x08000000                g_pfnVectors
                0x080001f8                        . = ALIGN (0x4)

.text           0x08000200     0x88b0
                0x08000200                        . = ALIGN (0x4)
 *(.text)
 .text          0x08000200       0x40 C:/ST/STM32CubeIDE_1.19.0/STM32CubeIDE/plugins/com.st.stm32cube.ide.mcu.externaltools.gnu-tools-for-stm32.13.3.rel1.win32_1.0.0.202411081344/tools/bin/../lib/gcc/arm-none-eabi/13.3.1/thumb/v7e-m+dp/hard/crtbegin.o
 .text          0x08000240       0x14 C:/ST/STM32CubeIDE_1.19.0/STM32CubeIDE/plugins/com.st.stm32cube.ide.mcu.externaltools.gnu-tools-for-stm32.13.3.rel1.win32_1.0.0.202411081344/tools/bin/../lib/gcc/arm-none-eabi/13.3.1/../../../../arm-none-eabi/lib/thumb/v7e-m+dp/hard\libc_nano.a(libc_a-strcmp.o)
                0x08000240                strcmp
 .text          0x08000254       0x10 C:/ST/STM32CubeIDE_1.19.0/STM32CubeIDE/plugins/com.st.stm32cube.ide.mcu.externaltools.gnu-tools-for-stm32.13.3.rel1.win32_1.0.0.202411081344/tools/bin/../lib/gcc/arm-none-eabi/13.3.1/../../../../arm-none-eabi/lib/thumb/v7e-m+dp/hard\libc_nano.a(libc_a-strlen.o)
                0x08000254                strlen
 *fill*         0x08000264        0xc 
 .text          0x08000270       0xa0 C:/ST/STM32CubeIDE_1.19.0/STM32CubeIDE/plugins/com.st.stm32cube.ide.mcu.externaltools.gnu-tools-for-stm32.13.3.rel1.win32_1.0.0.202411081344/tools/bin/../lib/gcc/arm-none-eabi/13.3.1/../../../../arm-none-eabi/lib/thumb/v7e-m+dp/hard\libc_nano.a(libc_a-memchr.o)
                0x08000270                memchr
 .text          0x08000310       0x30 C:/ST/STM32CubeIDE_1.19.0/STM32CubeIDE/plugins/com.st.stm32cube.ide.mcu.externaltools.gnu-tools-for-stm32.13.3.rel1.win32_1.0.0.202411081344/tools/bin/../lib/gcc/arm-none-eabi/13.3.1/thumb/v7e-m+dp/hard\libgcc.a(_aeabi_uldivmod.o)
                0x08000310                __aeabi_uldivmod
 .text          0x08000340      0x2f8 C:/ST/STM32CubeIDE_1.19.0/STM32CubeIDE/plugins/com.st.stm32cube.ide.mcu.externaltools.gnu-tools-for-stm32.13.3.rel1.win32_1.0.0.202411081344/tools/bin/../lib/gcc/arm-none-eabi/13.3.1/thumb/v7e-m+dp/hard\libgcc.a(_udivmoddi4.o)
                0x08000340                __udivmoddi4
 .text          0x08000638        0x4 C:/ST/STM32CubeIDE_1.19.0/STM32CubeIDE/plugins/com.st.stm32cube.ide.mcu.externaltools.gnu-tools-for-stm32.13.3.rel1.win32_1.0.0.202411081344/tools/bin/../lib/gcc/arm-none-eabi/13.3.1/thumb/v7e-m+dp/hard\libgcc.a(_dvmd_tls.o)
                0x08000638                __aeabi_idiv0
                0x08000638                __aeabi_ldiv0
 *(.text*)
 .text.ILI9341_Draw_Char
                0x0800063c      0x134 ./Core/Src/ILI9341_GFX.o
                0x0800063c                ILI9341_Draw_Char
 .text.ILI9341_Draw_Text
                0x08000770       0x5e ./Core/Src/ILI9341_GFX.o
                0x08000770                ILI9341_Draw_Text
 *fill*         0x080007ce        0x2 
 .text.ILI9341_SPI_Init
                0x080007d0       0x20 ./Core/Src/ILI9341_STM32_Driver.o
                0x080007d0                ILI9341_SPI_Init
 .text.ILI9341_SPI_Send
                0x080007f0       0x24 ./Core/Src/ILI9341_STM32_Driver.o
                0x080007f0                ILI9341_SPI_Send
 .text.ILI9341_Write_Command
                0x08000814       0x44 ./Core/Src/ILI9341_STM32_Driver.o
                0x08000814                ILI9341_Write_Command
 .text.ILI9341_Write_Data
                0x08000858       0x44 ./Core/Src/ILI9341_STM32_Driver.o
                0x08000858                ILI9341_Write_Data
 .text.ILI9341_Set_Address
                0x0800089c       0x98 ./Core/Src/ILI9341_STM32_Driver.o
                0x0800089c                ILI9341_Set_Address
 .text.ILI9341_Reset
                0x08000934       0x3c ./Core/Src/ILI9341_STM32_Driver.o
                0x08000934                ILI9341_Reset
 .text.ILI9341_Set_Rotation
                0x08000970       0xa4 ./Core/Src/ILI9341_STM32_Driver.o
                0x08000970                ILI9341_Set_Rotation
 .text.ILI9341_Enable
                0x08000a14       0x18 ./Core/Src/ILI9341_STM32_Driver.o
                0x08000a14                ILI9341_Enable
 .text.ILI9341_Init
                0x08000a2c      0x21a ./Core/Src/ILI9341_STM32_Driver.o
                0x08000a2c                ILI9341_Init
 *fill*         0x08000c46        0x2 
 .text.ILI9341_Draw_Colour_Burst
                0x08000c48      0x13c ./Core/Src/ILI9341_STM32_Driver.o
                0x08000c48                ILI9341_Draw_Colour_Burst
 .text.ILI9341_Fill_Screen
                0x08000d84       0x4c ./Core/Src/ILI9341_STM32_Driver.o
                0x08000d84                ILI9341_Fill_Screen
 .text.ILI9341_Draw_Pixel
                0x08000dd0      0x1b4 ./Core/Src/ILI9341_STM32_Driver.o
                0x08000dd0                ILI9341_Draw_Pixel
 .text.ILI9341_Draw_Rectangle
                0x08000f84       0xb8 ./Core/Src/ILI9341_STM32_Driver.o
                0x08000f84                ILI9341_Draw_Rectangle
 .text.RC522_SPI_Transfer
                0x0800103c       0x2c ./Core/Src/RC522.o
                0x0800103c                RC522_SPI_Transfer
 .text.Write_MFRC522
                0x08001068       0x4c ./Core/Src/RC522.o
                0x08001068                Write_MFRC522
 .text.Read_MFRC522
                0x080010b4       0x54 ./Core/Src/RC522.o
                0x080010b4                Read_MFRC522
 .text.SetBitMask
                0x08001108       0x36 ./Core/Src/RC522.o
                0x08001108                SetBitMask
 .text.ClearBitMask
                0x0800113e       0x40 ./Core/Src/RC522.o
                0x0800113e                ClearBitMask
 .text.AntennaOn
                0x0800117e       0x16 ./Core/Src/RC522.o
                0x0800117e                AntennaOn
 .text.MFRC522_Reset
                0x08001194       0x10 ./Core/Src/RC522.o
                0x08001194                MFRC522_Reset
 .text.MFRC522_Init
                0x080011a4       0x5c ./Core/Src/RC522.o
                0x080011a4                MFRC522_Init
 .text.MFRC522_ToCard
                0x08001200      0x192 ./Core/Src/RC522.o
                0x08001200                MFRC522_ToCard
 .text.MFRC522_Request
                0x08001392       0x4a ./Core/Src/RC522.o
                0x08001392                MFRC522_Request
 .text.MFRC522_Anticoll
                0x080013dc       0x7a ./Core/Src/RC522.o
                0x080013dc                MFRC522_Anticoll
 *fill*         0x08001456        0x2 
 .text.MX_GPIO_Init
                0x08001458      0x230 ./Core/Src/gpio.o
                0x08001458                MX_GPIO_Init
 .text.getKey   0x08001688      0x110 ./Core/Src/main.o
                0x08001688                getKey
 .text.is_uid_allowed
                0x08001798       0x4c ./Core/Src/main.o
 .text.led_show_result
                0x080017e4       0x5c ./Core/Src/main.o
                0x080017e4                led_show_result
 .text.uart_print
                0x08001840       0x2c ./Core/Src/main.o
                0x08001840                uart_print
 .text.Servo_Open
                0x0800186c       0x24 ./Core/Src/main.o
                0x0800186c                Servo_Open
 .text.Servo_Close
                0x08001890       0x24 ./Core/Src/main.o
                0x08001890                Servo_Close
 *fill*         0x080018b4        0x4 
 .text.HAL_TIM_IC_CaptureCallback
                0x080018b8      0x15c ./Core/Src/main.o
                0x080018b8                HAL_TIM_IC_CaptureCallback
 .text.pwdEnter
                0x08001a14       0x94 ./Core/Src/main.o
                0x08001a14                pwdEnter
 .text.main     0x08001aa8      0x648 ./Core/Src/main.o
                0x08001aa8                main
 .text.SystemClock_Config
                0x080020f0       0xdc ./Core/Src/main.o
                0x080020f0                SystemClock_Config
 .text.HAL_TIM_PeriodElapsedCallback
                0x080021cc       0x70 ./Core/Src/main.o
                0x080021cc                HAL_TIM_PeriodElapsedCallback
 .text.MPU_Config
                0x0800223c       0x58 ./Core/Src/main.o
 .text.Error_Handler
                0x08002294        0xc ./Core/Src/main.o
                0x08002294                Error_Handler
 .text.MX_SPI1_Init
                0x080022a0       0x7c ./Core/Src/spi.o
                0x080022a0                MX_SPI1_Init
 .text.MX_SPI5_Init
                0x0800231c       0x7c ./Core/Src/spi.o
                0x0800231c                MX_SPI5_Init
 .text.HAL_SPI_MspInit
                0x08002398       0xec ./Core/Src/spi.o
                0x08002398                HAL_SPI_MspInit
 .text.HAL_MspInit
                0x08002484       0x48 ./Core/Src/stm32f7xx_hal_msp.o
                0x08002484                HAL_MspInit
 .text.NMI_Handler
                0x080024cc        0x8 ./Core/Src/stm32f7xx_it.o
                0x080024cc                NMI_Handler
 .text.HardFault_Handler
                0x080024d4        0x8 ./Core/Src/stm32f7xx_it.o
                0x080024d4                HardFault_Handler
 .text.MemManage_Handler
                0x080024dc        0x8 ./Core/Src/stm32f7xx_it.o
                0x080024dc                MemManage_Handler
 .text.BusFault_Handler
                0x080024e4        0x8 ./Core/Src/stm32f7xx_it.o
                0x080024e4                BusFault_Handler
 .text.UsageFault_Handler
                0x080024ec        0x8 ./Core/Src/stm32f7xx_it.o
                0x080024ec                UsageFault_Handler
 .text.SVC_Handler
                0x080024f4        0xe ./Core/Src/stm32f7xx_it.o
                0x080024f4                SVC_Handler
 .text.DebugMon_Handler
                0x08002502        0xe ./Core/Src/stm32f7xx_it.o
                0x08002502                DebugMon_Handler
 .text.PendSV_Handler
                0x08002510        0xe ./Core/Src/stm32f7xx_it.o
                0x08002510                PendSV_Handler
 .text.SysTick_Handler
                0x0800251e        0xc ./Core/Src/stm32f7xx_it.o
                0x0800251e                SysTick_Handler
 *fill*         0x0800252a        0x2 
 .text.TIM1_UP_TIM10_IRQHandler
                0x0800252c       0x20 ./Core/Src/stm32f7xx_it.o
                0x0800252c                TIM1_UP_TIM10_IRQHandler
 .text.TIM2_IRQHandler
                0x0800254c       0x14 ./Core/Src/stm32f7xx_it.o
                0x0800254c                TIM2_IRQHandler
 .text.TIM3_IRQHandler
                0x08002560       0x14 ./Core/Src/stm32f7xx_it.o
                0x08002560                TIM3_IRQHandler
 .text.TIM4_IRQHandler
                0x08002574       0x14 ./Core/Src/stm32f7xx_it.o
                0x08002574                TIM4_IRQHandler
 .text.USART3_IRQHandler
                0x08002588       0x14 ./Core/Src/stm32f7xx_it.o
                0x08002588                USART3_IRQHandler
 .text._sbrk    0x0800259c       0x6c ./Core/Src/sysmem.o
                0x0800259c                _sbrk
 .text.SystemInit
                0x08002608       0x24 ./Core/Src/system_stm32f7xx.o
                0x08002608                SystemInit
 .text.MX_TIM1_Init
                0x0800262c       0xa8 ./Core/Src/tim.o
                0x0800262c                MX_TIM1_Init
 .text.MX_TIM2_Init
                0x080026d4      0x134 ./Core/Src/tim.o
                0x080026d4                MX_TIM2_Init
 .text.MX_TIM3_Init
                0x08002808       0xf0 ./Core/Src/tim.o
                0x08002808                MX_TIM3_Init
 .text.MX_TIM4_Init
                0x080028f8       0xa0 ./Core/Src/tim.o
                0x080028f8                MX_TIM4_Init
 .text.HAL_TIM_Base_MspInit
                0x08002998      0x13c ./Core/Src/tim.o
                0x08002998                HAL_TIM_Base_MspInit
 .text.HAL_TIM_MspPostInit
                0x08002ad4       0xb8 ./Core/Src/tim.o
                0x08002ad4                HAL_TIM_MspPostInit
 .text.MX_USART2_UART_Init
                0x08002b8c       0x60 ./Core/Src/usart.o
                0x08002b8c                MX_USART2_UART_Init
 .text.MX_USART3_UART_Init
                0x08002bec       0x60 ./Core/Src/usart.o
                0x08002bec                MX_USART3_UART_Init
 .text.HAL_UART_MspInit
                0x08002c4c      0x154 ./Core/Src/usart.o
                0x08002c4c                HAL_UART_MspInit
 .text.Reset_Handler
                0x08002da0       0x50 ./Core/Startup/startup_stm32f767zitx.o
                0x08002da0                Reset_Handler
 .text.Default_Handler
                0x08002df0        0x2 ./Core/Startup/startup_stm32f767zitx.o
                0x08002df0                RTC_Alarm_IRQHandler
                0x08002df0                EXTI2_IRQHandler
                0x08002df0                TIM8_CC_IRQHandler
                0x08002df0                UART8_IRQHandler
                0x08002df0                SPI4_IRQHandler
                0x08002df0                TIM1_CC_IRQHandler
                0x08002df0                DMA2_Stream5_IRQHandler
                0x08002df0                JPEG_IRQHandler
                0x08002df0                DMA1_Stream5_IRQHandler
                0x08002df0                CAN3_RX1_IRQHandler
                0x08002df0                PVD_IRQHandler
                0x08002df0                TAMP_STAMP_IRQHandler
                0x08002df0                CAN2_RX1_IRQHandler
                0x08002df0                EXTI3_IRQHandler
                0x08002df0                TIM8_TRG_COM_TIM14_IRQHandler
                0x08002df0                DFSDM1_FLT1_IRQHandler
                0x08002df0                TIM8_UP_TIM13_IRQHandler
                0x08002df0                I2C3_ER_IRQHandler
                0x08002df0                DFSDM1_FLT2_IRQHandler
                0x08002df0                EXTI0_IRQHandler
                0x08002df0                I2C2_EV_IRQHandler
                0x08002df0                DMA1_Stream2_IRQHandler
                0x08002df0                CAN1_RX0_IRQHandler
                0x08002df0                FPU_IRQHandler
                0x08002df0                OTG_HS_WKUP_IRQHandler
                0x08002df0                CAN3_SCE_IRQHandler
                0x08002df0                LTDC_ER_IRQHandler
                0x08002df0                CAN2_SCE_IRQHandler
                0x08002df0                DMA2_Stream2_IRQHandler
                0x08002df0                SPI1_IRQHandler
                0x08002df0                TIM6_DAC_IRQHandler
                0x08002df0                TIM1_BRK_TIM9_IRQHandler
                0x08002df0                DCMI_IRQHandler
                0x08002df0                CAN2_RX0_IRQHandler
                0x08002df0                DMA2_Stream3_IRQHandler
                0x08002df0                SAI2_IRQHandler
                0x08002df0                DFSDM1_FLT3_IRQHandler
                0x08002df0                USART6_IRQHandler
                0x08002df0                CAN3_RX0_IRQHandler
                0x08002df0                CAN1_RX1_IRQHandler
                0x08002df0                UART5_IRQHandler
                0x08002df0                DMA2_Stream0_IRQHandler
                0x08002df0                QUADSPI_IRQHandler
                0x08002df0                I2C1_EV_IRQHandler
                0x08002df0                DMA1_Stream6_IRQHandler
                0x08002df0                DMA1_Stream1_IRQHandler
                0x08002df0                UART4_IRQHandler
                0x08002df0                RCC_IRQHandler
                0x08002df0                TIM8_BRK_TIM12_IRQHandler
                0x08002df0                Default_Handler
                0x08002df0                CEC_IRQHandler
                0x08002df0                EXTI15_10_IRQHandler
                0x08002df0                ADC_IRQHandler
                0x08002df0                DMA1_Stream7_IRQHandler
                0x08002df0                SPI5_IRQHandler
                0x08002df0                TIM7_IRQHandler
                0x08002df0                SDMMC1_IRQHandler
                0x08002df0                CAN2_TX_IRQHandler
                0x08002df0                TIM5_IRQHandler
                0x08002df0                DMA2_Stream7_IRQHandler
                0x08002df0                I2C3_EV_IRQHandler
                0x08002df0                EXTI9_5_IRQHandler
                0x08002df0                RTC_WKUP_IRQHandler
                0x08002df0                LTDC_IRQHandler
                0x08002df0                ETH_WKUP_IRQHandler
                0x08002df0                SPDIF_RX_IRQHandler
                0x08002df0                SPI2_IRQHandler
                0x08002df0                OTG_HS_EP1_IN_IRQHandler
                0x08002df0                DMA1_Stream0_IRQHandler
                0x08002df0                CAN1_TX_IRQHandler
                0x08002df0                EXTI4_IRQHandler
                0x08002df0                RNG_IRQHandler
                0x08002df0                ETH_IRQHandler
                0x08002df0                OTG_HS_EP1_OUT_IRQHandler
                0x08002df0                WWDG_IRQHandler
                0x08002df0                SPI6_IRQHandler
                0x08002df0                MDIOS_IRQHandler
                0x08002df0                I2C4_EV_IRQHandler
                0x08002df0                CAN3_TX_IRQHandler
                0x08002df0                OTG_FS_WKUP_IRQHandler
                0x08002df0                TIM1_TRG_COM_TIM11_IRQHandler
                0x08002df0                OTG_HS_IRQHandler
                0x08002df0                DMA2D_IRQHandler
                0x08002df0                EXTI1_IRQHandler
                0x08002df0                SDMMC2_IRQHandler
                0x08002df0                UART7_IRQHandler
                0x08002df0                USART2_IRQHandler
                0x08002df0                DFSDM1_FLT0_IRQHandler
                0x08002df0                I2C2_ER_IRQHandler
                0x08002df0                DMA2_Stream1_IRQHandler
                0x08002df0                CAN1_SCE_IRQHandler
                0x08002df0                FLASH_IRQHandler
                0x08002df0                DMA2_Stream4_IRQHandler
                0x08002df0                USART1_IRQHandler
                0x08002df0                OTG_FS_IRQHandler
                0x08002df0                SPI3_IRQHandler
                0x08002df0                DMA1_Stream4_IRQHandler
                0x08002df0                I2C1_ER_IRQHandler
                0x08002df0                FMC_IRQHandler
                0x08002df0                LPTIM1_IRQHandler
                0x08002df0                I2C4_ER_IRQHandler
                0x08002df0                DMA2_Stream6_IRQHandler
                0x08002df0                SAI1_IRQHandler
                0x08002df0                DMA1_Stream3_IRQHandler
 .text.HAL_Init
                0x08002df2       0x1a ./Drivers/STM32F7xx_HAL_Driver/Src/stm32f7xx_hal.o
                0x08002df2                HAL_Init
 .text.HAL_InitTick
                0x08002e0c       0x60 ./Drivers/STM32F7xx_HAL_Driver/Src/stm32f7xx_hal.o
                0x08002e0c                HAL_InitTick
 .text.HAL_IncTick
                0x08002e6c       0x28 ./Drivers/STM32F7xx_HAL_Driver/Src/stm32f7xx_hal.o
                0x08002e6c                HAL_IncTick
 .text.HAL_GetTick
                0x08002e94       0x18 ./Drivers/STM32F7xx_HAL_Driver/Src/stm32f7xx_hal.o
                0x08002e94                HAL_GetTick
 .text.HAL_Delay
                0x08002eac       0x48 ./Drivers/STM32F7xx_HAL_Driver/Src/stm32f7xx_hal.o
                0x08002eac                HAL_Delay
 .text.__NVIC_SetPriorityGrouping
                0x08002ef4       0x48 ./Drivers/STM32F7xx_HAL_Driver/Src/stm32f7xx_hal_cortex.o
 .text.__NVIC_GetPriorityGrouping
                0x08002f3c       0x1c ./Drivers/STM32F7xx_HAL_Driver/Src/stm32f7xx_hal_cortex.o
 .text.__NVIC_EnableIRQ
                0x08002f58       0x3c ./Drivers/STM32F7xx_HAL_Driver/Src/stm32f7xx_hal_cortex.o
 .text.__NVIC_SetPriority
                0x08002f94       0x54 ./Drivers/STM32F7xx_HAL_Driver/Src/stm32f7xx_hal_cortex.o
 .text.NVIC_EncodePriority
                0x08002fe8       0x66 ./Drivers/STM32F7xx_HAL_Driver/Src/stm32f7xx_hal_cortex.o
 *fill*         0x0800304e        0x2 
 .text.SysTick_Config
                0x08003050       0x44 ./Drivers/STM32F7xx_HAL_Driver/Src/stm32f7xx_hal_cortex.o
 .text.HAL_NVIC_SetPriorityGrouping
                0x08003094       0x16 ./Drivers/STM32F7xx_HAL_Driver/Src/stm32f7xx_hal_cortex.o
                0x08003094                HAL_NVIC_SetPriorityGrouping
 .text.HAL_NVIC_SetPriority
                0x080030aa       0x38 ./Drivers/STM32F7xx_HAL_Driver/Src/stm32f7xx_hal_cortex.o
                0x080030aa                HAL_NVIC_SetPriority
 .text.HAL_NVIC_EnableIRQ
                0x080030e2       0x1c ./Drivers/STM32F7xx_HAL_Driver/Src/stm32f7xx_hal_cortex.o
                0x080030e2                HAL_NVIC_EnableIRQ
 .text.HAL_SYSTICK_Config
                0x080030fe       0x18 ./Drivers/STM32F7xx_HAL_Driver/Src/stm32f7xx_hal_cortex.o
                0x080030fe                HAL_SYSTICK_Config
 *fill*         0x08003116        0x2 
 .text.HAL_MPU_Disable
                0x08003118       0x30 ./Drivers/STM32F7xx_HAL_Driver/Src/stm32f7xx_hal_cortex.o
                0x08003118                HAL_MPU_Disable
 .text.HAL_MPU_Enable
                0x08003148       0x40 ./Drivers/STM32F7xx_HAL_Driver/Src/stm32f7xx_hal_cortex.o
                0x08003148                HAL_MPU_Enable
 .text.HAL_MPU_ConfigRegion
                0x08003188       0x80 ./Drivers/STM32F7xx_HAL_Driver/Src/stm32f7xx_hal_cortex.o
                0x08003188                HAL_MPU_ConfigRegion
 .text.HAL_DMA_Abort
                0x08003208       0xe0 ./Drivers/STM32F7xx_HAL_Driver/Src/stm32f7xx_hal_dma.o
                0x08003208                HAL_DMA_Abort
 .text.HAL_DMA_Abort_IT
                0x080032e8       0x44 ./Drivers/STM32F7xx_HAL_Driver/Src/stm32f7xx_hal_dma.o
                0x080032e8                HAL_DMA_Abort_IT
 .text.HAL_GPIO_Init
                0x0800332c      0x358 ./Drivers/STM32F7xx_HAL_Driver/Src/stm32f7xx_hal_gpio.o
                0x0800332c                HAL_GPIO_Init
 .text.HAL_GPIO_ReadPin
                0x08003684       0x30 ./Drivers/STM32F7xx_HAL_Driver/Src/stm32f7xx_hal_gpio.o
                0x08003684                HAL_GPIO_ReadPin
 .text.HAL_GPIO_WritePin
                0x080036b4       0x32 ./Drivers/STM32F7xx_HAL_Driver/Src/stm32f7xx_hal_gpio.o
                0x080036b4                HAL_GPIO_WritePin
 *fill*         0x080036e6        0x2 
 .text.HAL_PWREx_EnableOverDrive
                0x080036e8       0xa0 ./Drivers/STM32F7xx_HAL_Driver/Src/stm32f7xx_hal_pwr_ex.o
                0x080036e8                HAL_PWREx_EnableOverDrive
 .text.HAL_RCC_OscConfig
                0x08003788      0x55c ./Drivers/STM32F7xx_HAL_Driver/Src/stm32f7xx_hal_rcc.o
                0x08003788                HAL_RCC_OscConfig
 .text.HAL_RCC_ClockConfig
                0x08003ce4      0x1d8 ./Drivers/STM32F7xx_HAL_Driver/Src/stm32f7xx_hal_rcc.o
                0x08003ce4                HAL_RCC_ClockConfig
 .text.HAL_RCC_GetSysClockFreq
                0x08003ebc      0x18c ./Drivers/STM32F7xx_HAL_Driver/Src/stm32f7xx_hal_rcc.o
                0x08003ebc                HAL_RCC_GetSysClockFreq
 .text.HAL_RCC_GetHCLKFreq
                0x08004048       0x18 ./Drivers/STM32F7xx_HAL_Driver/Src/stm32f7xx_hal_rcc.o
                0x08004048                HAL_RCC_GetHCLKFreq
 .text.HAL_RCC_GetPCLK1Freq
                0x08004060       0x28 ./Drivers/STM32F7xx_HAL_Driver/Src/stm32f7xx_hal_rcc.o
                0x08004060                HAL_RCC_GetPCLK1Freq
 .text.HAL_RCC_GetPCLK2Freq
                0x08004088       0x28 ./Drivers/STM32F7xx_HAL_Driver/Src/stm32f7xx_hal_rcc.o
                0x08004088                HAL_RCC_GetPCLK2Freq
 .text.HAL_RCCEx_PeriphCLKConfig
                0x080040b0      0x850 ./Drivers/STM32F7xx_HAL_Driver/Src/stm32f7xx_hal_rcc_ex.o
                0x080040b0                HAL_RCCEx_PeriphCLKConfig
 .text.HAL_SPI_Init
                0x08004900      0x156 ./Drivers/STM32F7xx_HAL_Driver/Src/stm32f7xx_hal_spi.o
                0x08004900                HAL_SPI_Init
 .text.HAL_SPI_Transmit
                0x08004a56      0x2ec ./Drivers/STM32F7xx_HAL_Driver/Src/stm32f7xx_hal_spi.o
                0x08004a56                HAL_SPI_Transmit
 .text.HAL_SPI_TransmitReceive
                0x08004d42      0x43e ./Drivers/STM32F7xx_HAL_Driver/Src/stm32f7xx_hal_spi.o
                0x08004d42                HAL_SPI_TransmitReceive
 .text.SPI_WaitFlagStateUntilTimeout
                0x08005180      0x110 ./Drivers/STM32F7xx_HAL_Driver/Src/stm32f7xx_hal_spi.o
 .text.SPI_WaitFifoStateUntilTimeout
                0x08005290      0x12c ./Drivers/STM32F7xx_HAL_Driver/Src/stm32f7xx_hal_spi.o
 .text.SPI_EndRxTxTransaction
                0x080053bc       0xd4 ./Drivers/STM32F7xx_HAL_Driver/Src/stm32f7xx_hal_spi.o
 .text.HAL_TIM_Base_Init
                0x08005490       0xae ./Drivers/STM32F7xx_HAL_Driver/Src/stm32f7xx_hal_tim.o
                0x08005490                HAL_TIM_Base_Init
 *fill*         0x0800553e        0x2 
 .text.HAL_TIM_Base_Start_IT
                0x08005540       0xf0 ./Drivers/STM32F7xx_HAL_Driver/Src/stm32f7xx_hal_tim.o
                0x08005540                HAL_TIM_Base_Start_IT
 .text.HAL_TIM_Base_Stop_IT
                0x08005630       0x60 ./Drivers/STM32F7xx_HAL_Driver/Src/stm32f7xx_hal_tim.o
                0x08005630                HAL_TIM_Base_Stop_IT
 .text.HAL_TIM_PWM_Init
                0x08005690       0xae ./Drivers/STM32F7xx_HAL_Driver/Src/stm32f7xx_hal_tim.o
                0x08005690                HAL_TIM_PWM_Init
 .text.HAL_TIM_PWM_MspInit
                0x0800573e       0x14 ./Drivers/STM32F7xx_HAL_Driver/Src/stm32f7xx_hal_tim.o
                0x0800573e                HAL_TIM_PWM_MspInit
 *fill*         0x08005752        0x2 
 .text.HAL_TIM_PWM_Start
                0x08005754      0x1f4 ./Drivers/STM32F7xx_HAL_Driver/Src/stm32f7xx_hal_tim.o
                0x08005754                HAL_TIM_PWM_Start
 .text.HAL_TIM_IC_Init
                0x08005948       0xae ./Drivers/STM32F7xx_HAL_Driver/Src/stm32f7xx_hal_tim.o
                0x08005948                HAL_TIM_IC_Init
 .text.HAL_TIM_IC_MspInit
                0x080059f6       0x14 ./Drivers/STM32F7xx_HAL_Driver/Src/stm32f7xx_hal_tim.o
                0x080059f6                HAL_TIM_IC_MspInit
 *fill*         0x08005a0a        0x2 
 .text.HAL_TIM_IC_Start_IT
                0x08005a0c      0x2a0 ./Drivers/STM32F7xx_HAL_Driver/Src/stm32f7xx_hal_tim.o
                0x08005a0c                HAL_TIM_IC_Start_IT
 .text.HAL_TIM_IRQHandler
                0x08005cac      0x20e ./Drivers/STM32F7xx_HAL_Driver/Src/stm32f7xx_hal_tim.o
                0x08005cac                HAL_TIM_IRQHandler
 .text.HAL_TIM_IC_ConfigChannel
                0x08005eba      0x138 ./Drivers/STM32F7xx_HAL_Driver/Src/stm32f7xx_hal_tim.o
                0x08005eba                HAL_TIM_IC_ConfigChannel
 *fill*         0x08005ff2        0x2 
 .text.HAL_TIM_PWM_ConfigChannel
                0x08005ff4      0x228 ./Drivers/STM32F7xx_HAL_Driver/Src/stm32f7xx_hal_tim.o
                0x08005ff4                HAL_TIM_PWM_ConfigChannel
 .text.HAL_TIM_ConfigClockSource
                0x0800621c      0x194 ./Drivers/STM32F7xx_HAL_Driver/Src/stm32f7xx_hal_tim.o
                0x0800621c                HAL_TIM_ConfigClockSource
 .text.HAL_TIM_ReadCapturedValue
                0x080063b0       0x88 ./Drivers/STM32F7xx_HAL_Driver/Src/stm32f7xx_hal_tim.o
                0x080063b0                HAL_TIM_ReadCapturedValue
 .text.HAL_TIM_OC_DelayElapsedCallback
                0x08006438       0x14 ./Drivers/STM32F7xx_HAL_Driver/Src/stm32f7xx_hal_tim.o
                0x08006438                HAL_TIM_OC_DelayElapsedCallback
 .text.HAL_TIM_PWM_PulseFinishedCallback
                0x0800644c       0x14 ./Drivers/STM32F7xx_HAL_Driver/Src/stm32f7xx_hal_tim.o
                0x0800644c                HAL_TIM_PWM_PulseFinishedCallback
 .text.HAL_TIM_TriggerCallback
                0x08006460       0x14 ./Drivers/STM32F7xx_HAL_Driver/Src/stm32f7xx_hal_tim.o
                0x08006460                HAL_TIM_TriggerCallback
 .text.TIM_Base_SetConfig
                0x08006474      0x14c ./Drivers/STM32F7xx_HAL_Driver/Src/stm32f7xx_hal_tim.o
                0x08006474                TIM_Base_SetConfig
 .text.TIM_OC1_SetConfig
                0x080065c0       0xe4 ./Drivers/STM32F7xx_HAL_Driver/Src/stm32f7xx_hal_tim.o
 .text.TIM_OC2_SetConfig
                0x080066a4       0xf0 ./Drivers/STM32F7xx_HAL_Driver/Src/stm32f7xx_hal_tim.o
                0x080066a4                TIM_OC2_SetConfig
 .text.TIM_OC3_SetConfig
                0x08006794       0xec ./Drivers/STM32F7xx_HAL_Driver/Src/stm32f7xx_hal_tim.o
 .text.TIM_OC4_SetConfig
                0x08006880       0xb0 ./Drivers/STM32F7xx_HAL_Driver/Src/stm32f7xx_hal_tim.o
 .text.TIM_OC5_SetConfig
                0x08006930       0xa4 ./Drivers/STM32F7xx_HAL_Driver/Src/stm32f7xx_hal_tim.o
 .text.TIM_OC6_SetConfig
                0x080069d4       0xa8 ./Drivers/STM32F7xx_HAL_Driver/Src/stm32f7xx_hal_tim.o
 .text.TIM_TI1_SetConfig
                0x08006a7c       0xe8 ./Drivers/STM32F7xx_HAL_Driver/Src/stm32f7xx_hal_tim.o
                0x08006a7c                TIM_TI1_SetConfig
 .text.TIM_TI1_ConfigInputStage
                0x08006b64       0x5e ./Drivers/STM32F7xx_HAL_Driver/Src/stm32f7xx_hal_tim.o
 .text.TIM_TI2_SetConfig
                0x08006bc2       0x7a ./Drivers/STM32F7xx_HAL_Driver/Src/stm32f7xx_hal_tim.o
 .text.TIM_TI2_ConfigInputStage
                0x08006c3c       0x60 ./Drivers/STM32F7xx_HAL_Driver/Src/stm32f7xx_hal_tim.o
 .text.TIM_TI3_SetConfig
                0x08006c9c       0x78 ./Drivers/STM32F7xx_HAL_Driver/Src/stm32f7xx_hal_tim.o
 .text.TIM_TI4_SetConfig
                0x08006d14       0x7a ./Drivers/STM32F7xx_HAL_Driver/Src/stm32f7xx_hal_tim.o
 .text.TIM_ITRx_SetConfig
                0x08006d8e       0x36 ./Drivers/STM32F7xx_HAL_Driver/Src/stm32f7xx_hal_tim.o
 .text.TIM_ETR_SetConfig
                0x08006dc4       0x40 ./Drivers/STM32F7xx_HAL_Driver/Src/stm32f7xx_hal_tim.o
                0x08006dc4                TIM_ETR_SetConfig
 .text.TIM_CCxChannelCmd
                0x08006e04       0x4a ./Drivers/STM32F7xx_HAL_Driver/Src/stm32f7xx_hal_tim.o
                0x08006e04                TIM_CCxChannelCmd
 *fill*         0x08006e4e        0x2 
 .text.HAL_TIMEx_MasterConfigSynchronization
                0x08006e50      0x11c ./Drivers/STM32F7xx_HAL_Driver/Src/stm32f7xx_hal_tim_ex.o
                0x08006e50                HAL_TIMEx_MasterConfigSynchronization
 .text.HAL_TIMEx_CommutCallback
                0x08006f6c       0x14 ./Drivers/STM32F7xx_HAL_Driver/Src/stm32f7xx_hal_tim_ex.o
                0x08006f6c                HAL_TIMEx_CommutCallback
 .text.HAL_TIMEx_BreakCallback
                0x08006f80       0x14 ./Drivers/STM32F7xx_HAL_Driver/Src/stm32f7xx_hal_tim_ex.o
                0x08006f80                HAL_TIMEx_BreakCallback
 .text.HAL_TIMEx_Break2Callback
                0x08006f94       0x14 ./Drivers/STM32F7xx_HAL_Driver/Src/stm32f7xx_hal_tim_ex.o
                0x08006f94                HAL_TIMEx_Break2Callback
 .text.HAL_UART_Init
                0x08006fa8       0x9c ./Drivers/STM32F7xx_HAL_Driver/Src/stm32f7xx_hal_uart.o
                0x08006fa8                HAL_UART_Init
 .text.HAL_UART_Transmit
                0x08007044      0x112 ./Drivers/STM32F7xx_HAL_Driver/Src/stm32f7xx_hal_uart.o
                0x08007044                HAL_UART_Transmit
 *fill*         0x08007156        0x2 
 .text.HAL_UART_IRQHandler
                0x08007158      0x604 ./Drivers/STM32F7xx_HAL_Driver/Src/stm32f7xx_hal_uart.o
                0x08007158                HAL_UART_IRQHandler
 .text.HAL_UART_TxCpltCallback
                0x0800775c       0x14 ./Drivers/STM32F7xx_HAL_Driver/Src/stm32f7xx_hal_uart.o
                0x0800775c                HAL_UART_TxCpltCallback
 .text.HAL_UART_ErrorCallback
                0x08007770       0x14 ./Drivers/STM32F7xx_HAL_Driver/Src/stm32f7xx_hal_uart.o
                0x08007770                HAL_UART_ErrorCallback
 .text.HAL_UARTEx_RxEventCallback
                0x08007784       0x18 ./Drivers/STM32F7xx_HAL_Driver/Src/stm32f7xx_hal_uart.o
                0x08007784                HAL_UARTEx_RxEventCallback
 .text.HAL_UARTEx_WakeupCallback
                0x0800779c       0x14 ./Drivers/STM32F7xx_HAL_Driver/Src/stm32f7xx_hal_uart.o
                0x0800779c                HAL_UARTEx_WakeupCallback
 .text.UART_SetConfig
                0x080077b0      0x4c8 ./Drivers/STM32F7xx_HAL_Driver/Src/stm32f7xx_hal_uart.o
                0x080077b0                UART_SetConfig
 .text.UART_AdvFeatureConfig
                0x08007c78      0x144 ./Drivers/STM32F7xx_HAL_Driver/Src/stm32f7xx_hal_uart.o
                0x08007c78                UART_AdvFeatureConfig
 .text.UART_CheckIdleState
                0x08007dbc      0x150 ./Drivers/STM32F7xx_HAL_Driver/Src/stm32f7xx_hal_uart.o
                0x08007dbc                UART_CheckIdleState
 .text.UART_WaitOnFlagUntilTimeout
                0x08007f0c       0xda ./Drivers/STM32F7xx_HAL_Driver/Src/stm32f7xx_hal_uart.o
                0x08007f0c                UART_WaitOnFlagUntilTimeout
 .text.UART_EndRxTransfer
                0x08007fe6       0xc8 ./Drivers/STM32F7xx_HAL_Driver/Src/stm32f7xx_hal_uart.o
 .text.UART_DMAAbortOnError
                0x080080ae       0x24 ./Drivers/STM32F7xx_HAL_Driver/Src/stm32f7xx_hal_uart.o
 .text.UART_EndTransmit_IT
                0x080080d2       0x54 ./Drivers/STM32F7xx_HAL_Driver/Src/stm32f7xx_hal_uart.o
 *fill*         0x08008126        0x2 
 .text.sprintf  0x08008128       0x44 C:/ST/STM32CubeIDE_1.19.0/STM32CubeIDE/plugins/com.st.stm32cube.ide.mcu.externaltools.gnu-tools-for-stm32.13.3.rel1.win32_1.0.0.202411081344/tools/bin/../lib/gcc/arm-none-eabi/13.3.1/../../../../arm-none-eabi/lib/thumb/v7e-m+dp/hard\libc_nano.a(libc_a-sprintf.o)
                0x08008128                siprintf
                0x08008128                sprintf
 .text.memcmp   0x0800816c       0x20 C:/ST/STM32CubeIDE_1.19.0/STM32CubeIDE/plugins/com.st.stm32cube.ide.mcu.externaltools.gnu-tools-for-stm32.13.3.rel1.win32_1.0.0.202411081344/tools/bin/../lib/gcc/arm-none-eabi/13.3.1/../../../../arm-none-eabi/lib/thumb/v7e-m+dp/hard\libc_nano.a(libc_a-memcmp.o)
                0x0800816c                memcmp
 .text.memset   0x0800818c       0x10 C:/ST/STM32CubeIDE_1.19.0/STM32CubeIDE/plugins/com.st.stm32cube.ide.mcu.externaltools.gnu-tools-for-stm32.13.3.rel1.win32_1.0.0.202411081344/tools/bin/../lib/gcc/arm-none-eabi/13.3.1/../../../../arm-none-eabi/lib/thumb/v7e-m+dp/hard\libc_nano.a(libc_a-memset.o)
                0x0800818c                memset
 .text.__errno  0x0800819c        0xc C:/ST/STM32CubeIDE_1.19.0/STM32CubeIDE/plugins/com.st.stm32cube.ide.mcu.externaltools.gnu-tools-for-stm32.13.3.rel1.win32_1.0.0.202411081344/tools/bin/../lib/gcc/arm-none-eabi/13.3.1/../../../../arm-none-eabi/lib/thumb/v7e-m+dp/hard\libc_nano.a(libc_a-errno.o)
                0x0800819c                __errno
 .text.__libc_init_array
                0x080081a8       0x48 C:/ST/STM32CubeIDE_1.19.0/STM32CubeIDE/plugins/com.st.stm32cube.ide.mcu.externaltools.gnu-tools-for-stm32.13.3.rel1.win32_1.0.0.202411081344/tools/bin/../lib/gcc/arm-none-eabi/13.3.1/../../../../arm-none-eabi/lib/thumb/v7e-m+dp/hard\libc_nano.a(libc_a-init.o)
                0x080081a8                __libc_init_array
 .text.__retarget_lock_acquire_recursive
                0x080081f0        0x2 C:/ST/STM32CubeIDE_1.19.0/STM32CubeIDE/plugins/com.st.stm32cube.ide.mcu.externaltools.gnu-tools-for-stm32.13.3.rel1.win32_1.0.0.202411081344/tools/bin/../lib/gcc/arm-none-eabi/13.3.1/../../../../arm-none-eabi/lib/thumb/v7e-m+dp/hard\libc_nano.a(libc_a-lock.o)
                0x080081f0                __retarget_lock_acquire_recursive
 .text.__retarget_lock_release_recursive
                0x080081f2        0x2 C:/ST/STM32CubeIDE_1.19.0/STM32CubeIDE/plugins/com.st.stm32cube.ide.mcu.externaltools.gnu-tools-for-stm32.13.3.rel1.win32_1.0.0.202411081344/tools/bin/../lib/gcc/arm-none-eabi/13.3.1/../../../../arm-none-eabi/lib/thumb/v7e-m+dp/hard\libc_nano.a(libc_a-lock.o)
                0x080081f2                __retarget_lock_release_recursive
 .text.strcpy   0x080081f4       0x10 C:/ST/STM32CubeIDE_1.19.0/STM32CubeIDE/plugins/com.st.stm32cube.ide.mcu.externaltools.gnu-tools-for-stm32.13.3.rel1.win32_1.0.0.202411081344/tools/bin/../lib/gcc/arm-none-eabi/13.3.1/../../../../arm-none-eabi/lib/thumb/v7e-m+dp/hard\libc_nano.a(libc_a-strcpy.o)
                0x080081f4                strcpy
 .text._free_r  0x08008204       0x94 C:/ST/STM32CubeIDE_1.19.0/STM32CubeIDE/plugins/com.st.stm32cube.ide.mcu.externaltools.gnu-tools-for-stm32.13.3.rel1.win32_1.0.0.202411081344/tools/bin/../lib/gcc/arm-none-eabi/13.3.1/../../../../arm-none-eabi/lib/thumb/v7e-m+dp/hard\libc_nano.a(libc_a-freer.o)
                0x08008204                _free_r
 .text.sbrk_aligned
                0x08008298       0x44 C:/ST/STM32CubeIDE_1.19.0/STM32CubeIDE/plugins/com.st.stm32cube.ide.mcu.externaltools.gnu-tools-for-stm32.13.3.rel1.win32_1.0.0.202411081344/tools/bin/../lib/gcc/arm-none-eabi/13.3.1/../../../../arm-none-eabi/lib/thumb/v7e-m+dp/hard\libc_nano.a(libc_a-mallocr.o)
 .text._malloc_r
                0x080082dc      0x100 C:/ST/STM32CubeIDE_1.19.0/STM32CubeIDE/plugins/com.st.stm32cube.ide.mcu.externaltools.gnu-tools-for-stm32.13.3.rel1.win32_1.0.0.202411081344/tools/bin/../lib/gcc/arm-none-eabi/13.3.1/../../../../arm-none-eabi/lib/thumb/v7e-m+dp/hard\libc_nano.a(libc_a-mallocr.o)
                0x080082dc                _malloc_r
 .text.__malloc_lock
                0x080083dc        0xc C:/ST/STM32CubeIDE_1.19.0/STM32CubeIDE/plugins/com.st.stm32cube.ide.mcu.externaltools.gnu-tools-for-stm32.13.3.rel1.win32_1.0.0.202411081344/tools/bin/../lib/gcc/arm-none-eabi/13.3.1/../../../../arm-none-eabi/lib/thumb/v7e-m+dp/hard\libc_nano.a(libc_a-mlock.o)
                0x080083dc                __malloc_lock
 .text.__malloc_unlock
                0x080083e8        0xc C:/ST/STM32CubeIDE_1.19.0/STM32CubeIDE/plugins/com.st.stm32cube.ide.mcu.externaltools.gnu-tools-for-stm32.13.3.rel1.win32_1.0.0.202411081344/tools/bin/../lib/gcc/arm-none-eabi/13.3.1/../../../../arm-none-eabi/lib/thumb/v7e-m+dp/hard\libc_nano.a(libc_a-mlock.o)
                0x080083e8                __malloc_unlock
 .text.__ssputs_r
                0x080083f4       0xb6 C:/ST/STM32CubeIDE_1.19.0/STM32CubeIDE/plugins/com.st.stm32cube.ide.mcu.externaltools.gnu-tools-for-stm32.13.3.rel1.win32_1.0.0.202411081344/tools/bin/../lib/gcc/arm-none-eabi/13.3.1/../../../../arm-none-eabi/lib/thumb/v7e-m+dp/hard\libc_nano.a(libc_a-nano-svfprintf.o)
                0x080083f4                __ssputs_r
 *fill*         0x080084aa        0x2 
 .text._svfprintf_r
                0x080084ac      0x1f8 C:/ST/STM32CubeIDE_1.19.0/STM32CubeIDE/plugins/com.st.stm32cube.ide.mcu.externaltools.gnu-tools-for-stm32.13.3.rel1.win32_1.0.0.202411081344/tools/bin/../lib/gcc/arm-none-eabi/13.3.1/../../../../arm-none-eabi/lib/thumb/v7e-m+dp/hard\libc_nano.a(libc_a-nano-svfprintf.o)
                0x080084ac                _svfiprintf_r
                0x080084ac                _svfprintf_r
 .text._printf_common
                0x080086a4       0xda C:/ST/STM32CubeIDE_1.19.0/STM32CubeIDE/plugins/com.st.stm32cube.ide.mcu.externaltools.gnu-tools-for-stm32.13.3.rel1.win32_1.0.0.202411081344/tools/bin/../lib/gcc/arm-none-eabi/13.3.1/../../../../arm-none-eabi/lib/thumb/v7e-m+dp/hard\libc_nano.a(libc_a-nano-vfprintf_i.o)
                0x080086a4                _printf_common
 *fill*         0x0800877e        0x2 
 .text._printf_i
                0x08008780      0x23c C:/ST/STM32CubeIDE_1.19.0/STM32CubeIDE/plugins/com.st.stm32cube.ide.mcu.externaltools.gnu-tools-for-stm32.13.3.rel1.win32_1.0.0.202411081344/tools/bin/../lib/gcc/arm-none-eabi/13.3.1/../../../../arm-none-eabi/lib/thumb/v7e-m+dp/hard\libc_nano.a(libc_a-nano-vfprintf_i.o)
                0x08008780                _printf_i
 .text.memmove  0x080089bc       0x34 C:/ST/STM32CubeIDE_1.19.0/STM32CubeIDE/plugins/com.st.stm32cube.ide.mcu.externaltools.gnu-tools-for-stm32.13.3.rel1.win32_1.0.0.202411081344/tools/bin/../lib/gcc/arm-none-eabi/13.3.1/../../../../arm-none-eabi/lib/thumb/v7e-m+dp/hard\libc_nano.a(libc_a-memmove.o)
                0x080089bc                memmove
 .text._sbrk_r  0x080089f0       0x20 C:/ST/STM32CubeIDE_1.19.0/STM32CubeIDE/plugins/com.st.stm32cube.ide.mcu.externaltools.gnu-tools-for-stm32.13.3.rel1.win32_1.0.0.202411081344/tools/bin/../lib/gcc/arm-none-eabi/13.3.1/../../../../arm-none-eabi/lib/thumb/v7e-m+dp/hard\libc_nano.a(libc_a-sbrkr.o)
                0x080089f0                _sbrk_r
 .text.memcpy   0x08008a10       0x1c C:/ST/STM32CubeIDE_1.19.0/STM32CubeIDE/plugins/com.st.stm32cube.ide.mcu.externaltools.gnu-tools-for-stm32.13.3.rel1.win32_1.0.0.202411081344/tools/bin/../lib/gcc/arm-none-eabi/13.3.1/../../../../arm-none-eabi/lib/thumb/v7e-m+dp/hard\libc_nano.a(libc_a-memcpy-stub.o)
                0x08008a10                memcpy
 .text._realloc_r
                0x08008a2c       0x5c C:/ST/STM32CubeIDE_1.19.0/STM32CubeIDE/plugins/com.st.stm32cube.ide.mcu.externaltools.gnu-tools-for-stm32.13.3.rel1.win32_1.0.0.202411081344/tools/bin/../lib/gcc/arm-none-eabi/13.3.1/../../../../arm-none-eabi/lib/thumb/v7e-m+dp/hard\libc_nano.a(libc_a-reallocr.o)
                0x08008a2c                _realloc_r
 .text._malloc_usable_size_r
                0x08008a88       0x10 C:/ST/STM32CubeIDE_1.19.0/STM32CubeIDE/plugins/com.st.stm32cube.ide.mcu.externaltools.gnu-tools-for-stm32.13.3.rel1.win32_1.0.0.202411081344/tools/bin/../lib/gcc/arm-none-eabi/13.3.1/../../../../arm-none-eabi/lib/thumb/v7e-m+dp/hard\libc_nano.a(libc_a-msizer.o)
                0x08008a88                _malloc_usable_size_r
 *(.glue_7)
 .glue_7        0x08008a98        0x0 linker stubs
 *(.glue_7t)
 .glue_7t       0x08008a98        0x0 linker stubs
 *(.eh_frame)
 .eh_frame      0x08008a98        0x0 C:/ST/STM32CubeIDE_1.19.0/STM32CubeIDE/plugins/com.st.stm32cube.ide.mcu.externaltools.gnu-tools-for-stm32.13.3.rel1.win32_1.0.0.202411081344/tools/bin/../lib/gcc/arm-none-eabi/13.3.1/thumb/v7e-m+dp/hard/crtbegin.o
 *(.init)
 .init          0x08008a98        0x4 C:/ST/STM32CubeIDE_1.19.0/STM32CubeIDE/plugins/com.st.stm32cube.ide.mcu.externaltools.gnu-tools-for-stm32.13.3.rel1.win32_1.0.0.202411081344/tools/bin/../lib/gcc/arm-none-eabi/13.3.1/thumb/v7e-m+dp/hard/crti.o
                0x08008a98                _init
 .init          0x08008a9c        0x8 C:/ST/STM32CubeIDE_1.19.0/STM32CubeIDE/plugins/com.st.stm32cube.ide.mcu.externaltools.gnu-tools-for-stm32.13.3.rel1.win32_1.0.0.202411081344/tools/bin/../lib/gcc/arm-none-eabi/13.3.1/thumb/v7e-m+dp/hard/crtn.o
 *(.fini)
 .fini          0x08008aa4        0x4 C:/ST/STM32CubeIDE_1.19.0/STM32CubeIDE/plugins/com.st.stm32cube.ide.mcu.externaltools.gnu-tools-for-stm32.13.3.rel1.win32_1.0.0.202411081344/tools/bin/../lib/gcc/arm-none-eabi/13.3.1/thumb/v7e-m+dp/hard/crti.o
                0x08008aa4                _fini
 .fini          0x08008aa8        0x8 C:/ST/STM32CubeIDE_1.19.0/STM32CubeIDE/plugins/com.st.stm32cube.ide.mcu.externaltools.gnu-tools-for-stm32.13.3.rel1.win32_1.0.0.202411081344/tools/bin/../lib/gcc/arm-none-eabi/13.3.1/thumb/v7e-m+dp/hard/crtn.o
                0x08008ab0                        . = ALIGN (0x4)
                0x08008ab0                        _etext = .

.vfp11_veneer   0x08008ab0        0x0
 .vfp11_veneer  0x08008ab0        0x0 linker stubs

.v4_bx          0x08008ab0        0x0
 .v4_bx         0x08008ab0        0x0 linker stubs

.iplt           0x08008ab0        0x0
 .iplt          0x08008ab0        0x0 C:/ST/STM32CubeIDE_1.19.0/STM32CubeIDE/plugins/com.st.stm32cube.ide.mcu.externaltools.gnu-tools-for-stm32.13.3.rel1.win32_1.0.0.202411081344/tools/bin/../lib/gcc/arm-none-eabi/13.3.1/thumb/v7e-m+dp/hard/crtbegin.o

.rodata         0x08008ab0      0x56c
                0x08008ab0                        . = ALIGN (0x4)
 *(.rodata)
 .rodata        0x08008ab0      0x2d2 ./Core/Src/main.o
 *(.rodata*)
 *fill*         0x08008d82        0x2 
 .rodata.font   0x08008d84      0x240 ./Core/Src/ILI9341_GFX.o
 .rodata.allowed_uids
                0x08008fc4        0xa ./Core/Src/main.o
                0x08008fc4                allowed_uids
 *fill*         0x08008fce        0x2 
 .rodata.AHBPrescTable
                0x08008fd0       0x10 ./Core/Src/system_stm32f7xx.o
                0x08008fd0                AHBPrescTable
 .rodata.APBPrescTable
                0x08008fe0        0x8 ./Core/Src/system_stm32f7xx.o
                0x08008fe0                APBPrescTable
 .rodata._svfprintf_r.str1.1
                0x08008fe8       0x33 C:/ST/STM32CubeIDE_1.19.0/STM32CubeIDE/plugins/com.st.stm32cube.ide.mcu.externaltools.gnu-tools-for-stm32.13.3.rel1.win32_1.0.0.202411081344/tools/bin/../lib/gcc/arm-none-eabi/13.3.1/../../../../arm-none-eabi/lib/thumb/v7e-m+dp/hard\libc_nano.a(libc_a-nano-svfprintf.o)
                                 0x11 (size before relaxing)
 .rodata._printf_i.str1.1
                0x0800901b       0x22 C:/ST/STM32CubeIDE_1.19.0/STM32CubeIDE/plugins/com.st.stm32cube.ide.mcu.externaltools.gnu-tools-for-stm32.13.3.rel1.win32_1.0.0.202411081344/tools/bin/../lib/gcc/arm-none-eabi/13.3.1/../../../../arm-none-eabi/lib/thumb/v7e-m+dp/hard\libc_nano.a(libc_a-nano-vfprintf_i.o)
                0x08009040                        . = ALIGN (0x4)
 *fill*         0x0800901b        0x1 

.ARM.extab      0x0800901c        0x0
                0x0800901c                        . = ALIGN (0x4)
 *(.ARM.extab* .gnu.linkonce.armextab.*)
                0x0800901c                        . = ALIGN (0x4)

.ARM            0x0800901c        0x8
                0x0800901c                        . = ALIGN (0x4)
                0x0800901c                        __exidx_start = .
 *(.ARM.exidx*)
 .ARM.exidx     0x0800901c        0x8 C:/ST/STM32CubeIDE_1.19.0/STM32CubeIDE/plugins/com.st.stm32cube.ide.mcu.externaltools.gnu-tools-for-stm32.13.3.rel1.win32_1.0.0.202411081344/tools/bin/../lib/gcc/arm-none-eabi/13.3.1/../../../../arm-none-eabi/lib/thumb/v7e-m+dp/hard\libc_nano.a(libc_a-strcmp.o)
 .ARM.exidx     0x08009024        0x0 C:/ST/STM32CubeIDE_1.19.0/STM32CubeIDE/plugins/com.st.stm32cube.ide.mcu.externaltools.gnu-tools-for-stm32.13.3.rel1.win32_1.0.0.202411081344/tools/bin/../lib/gcc/arm-none-eabi/13.3.1/../../../../arm-none-eabi/lib/thumb/v7e-m+dp/hard\libc_nano.a(libc_a-strlen.o)
                                  0x8 (size before relaxing)
 .ARM.exidx     0x08009024        0x0 C:/ST/STM32CubeIDE_1.19.0/STM32CubeIDE/plugins/com.st.stm32cube.ide.mcu.externaltools.gnu-tools-for-stm32.13.3.rel1.win32_1.0.0.202411081344/tools/bin/../lib/gcc/arm-none-eabi/13.3.1/../../../../arm-none-eabi/lib/thumb/v7e-m+dp/hard\libc_nano.a(libc_a-memchr.o)
                                  0x8 (size before relaxing)
 .ARM.exidx     0x08009024        0x0 C:/ST/STM32CubeIDE_1.19.0/STM32CubeIDE/plugins/com.st.stm32cube.ide.mcu.externaltools.gnu-tools-for-stm32.13.3.rel1.win32_1.0.0.202411081344/tools/bin/../lib/gcc/arm-none-eabi/13.3.1/thumb/v7e-m+dp/hard\libgcc.a(_udivmoddi4.o)
                                  0x8 (size before relaxing)
                0x08009024                        __exidx_end = .
                0x08009024                        . = ALIGN (0x4)

.preinit_array  0x08009024        0x0
                0x08009024                        . = ALIGN (0x4)
                0x08009024                        PROVIDE (__preinit_array_start = .)
 *(.preinit_array*)
                0x08009024                        PROVIDE (__preinit_array_end = .)
                0x08009024                        . = ALIGN (0x4)

.init_array     0x08009024        0x4
                0x08009024                        . = ALIGN (0x4)
                0x08009024                        PROVIDE (__init_array_start = .)
 *(SORT_BY_NAME(.init_array.*))
 *(.init_array*)
 .init_array    0x08009024        0x4 C:/ST/STM32CubeIDE_1.19.0/STM32CubeIDE/plugins/com.st.stm32cube.ide.mcu.externaltools.gnu-tools-for-stm32.13.3.rel1.win32_1.0.0.202411081344/tools/bin/../lib/gcc/arm-none-eabi/13.3.1/thumb/v7e-m+dp/hard/crtbegin.o
                0x08009028                        PROVIDE (__init_array_end = .)
                0x08009028                        . = ALIGN (0x4)

.fini_array     0x08009028        0x4
                0x08009028                        . = ALIGN (0x4)
                [!provide]                        PROVIDE (__fini_array_start = .)
 *(SORT_BY_NAME(.fini_array.*))
 *(.fini_array*)
 .fini_array    0x08009028        0x4 C:/ST/STM32CubeIDE_1.19.0/STM32CubeIDE/plugins/com.st.stm32cube.ide.mcu.externaltools.gnu-tools-for-stm32.13.3.rel1.win32_1.0.0.202411081344/tools/bin/../lib/gcc/arm-none-eabi/13.3.1/thumb/v7e-m+dp/hard/crtbegin.o
                [!provide]                        PROVIDE (__fini_array_end = .)
                0x0800902c                        . = ALIGN (0x4)
                0x0800902c                        _sidata = LOADADDR (.data)

.rel.dyn        0x0800902c        0x0
 .rel.iplt      0x0800902c        0x0 C:/ST/STM32CubeIDE_1.19.0/STM32CubeIDE/plugins/com.st.stm32cube.ide.mcu.externaltools.gnu-tools-for-stm32.13.3.rel1.win32_1.0.0.202411081344/tools/bin/../lib/gcc/arm-none-eabi/13.3.1/thumb/v7e-m+dp/hard/crtbegin.o

.data           0x20000000       0xac load address 0x0800902c
                0x20000000                        . = ALIGN (0x4)
                0x20000000                        _sdata = .
 *(.data)
 *(.data*)
 .data.LCD_HEIGHT
                0x20000000        0x2 ./Core/Src/ILI9341_STM32_Driver.o
                0x20000000                LCD_HEIGHT
 .data.LCD_WIDTH
                0x20000002        0x2 ./Core/Src/ILI9341_STM32_Driver.o
                0x20000002                LCD_WIDTH
 .data.rowPins  0x20000004        0x8 ./Core/Src/main.o
                0x20000004                rowPins
 .data.rowPorts
                0x2000000c       0x10 ./Core/Src/main.o
                0x2000000c                rowPorts
 .data.colPins  0x2000001c        0x8 ./Core/Src/main.o
                0x2000001c                colPins
 .data.colPorts
                0x20000024       0x10 ./Core/Src/main.o
                0x20000024                colPorts
 .data.keys     0x20000034       0x10 ./Core/Src/main.o
                0x20000034                keys
 .data.correctPassword
                0x20000044        0xb ./Core/Src/main.o
                0x20000044                correctPassword
 .data.isClose  0x2000004f        0x1 ./Core/Src/main.o
                0x2000004f                isClose
 .data.SystemCoreClock
                0x20000050        0x4 ./Core/Src/system_stm32f7xx.o
                0x20000050                SystemCoreClock
 .data.uwTickPrio
                0x20000054        0x4 ./Drivers/STM32F7xx_HAL_Driver/Src/stm32f7xx_hal.o
                0x20000054                uwTickPrio
 .data.uwTickFreq
                0x20000058        0x1 ./Drivers/STM32F7xx_HAL_Driver/Src/stm32f7xx_hal.o
                0x20000058                uwTickFreq
 *fill*         0x20000059        0x3 
 .data._impure_ptr
                0x2000005c        0x4 C:/ST/STM32CubeIDE_1.19.0/STM32CubeIDE/plugins/com.st.stm32cube.ide.mcu.externaltools.gnu-tools-for-stm32.13.3.rel1.win32_1.0.0.202411081344/tools/bin/../lib/gcc/arm-none-eabi/13.3.1/../../../../arm-none-eabi/lib/thumb/v7e-m+dp/hard\libc_nano.a(libc_a-impure.o)
                0x2000005c                _impure_ptr
 .data._impure_data
                0x20000060       0x4c C:/ST/STM32CubeIDE_1.19.0/STM32CubeIDE/plugins/com.st.stm32cube.ide.mcu.externaltools.gnu-tools-for-stm32.13.3.rel1.win32_1.0.0.202411081344/tools/bin/../lib/gcc/arm-none-eabi/13.3.1/../../../../arm-none-eabi/lib/thumb/v7e-m+dp/hard\libc_nano.a(libc_a-impure.o)
                0x20000060                _impure_data
 *(.RamFunc)
 *(.RamFunc*)
                0x200000ac                        . = ALIGN (0x4)
                0x200000ac                        _edata = .

.igot.plt       0x200000ac        0x0 load address 0x080090d8
 .igot.plt      0x200000ac        0x0 C:/ST/STM32CubeIDE_1.19.0/STM32CubeIDE/plugins/com.st.stm32cube.ide.mcu.externaltools.gnu-tools-for-stm32.13.3.rel1.win32_1.0.0.202411081344/tools/bin/../lib/gcc/arm-none-eabi/13.3.1/thumb/v7e-m+dp/hard/crtbegin.o
                0x200000ac                        . = ALIGN (0x4)

.bss            0x200000ac      0x4ac load address 0x080090d8
                0x200000ac                        _sbss = .
                0x200000ac                        __bss_start__ = _sbss
 *(.bss)
 .bss           0x200000ac       0x1c C:/ST/STM32CubeIDE_1.19.0/STM32CubeIDE/plugins/com.st.stm32cube.ide.mcu.externaltools.gnu-tools-for-stm32.13.3.rel1.win32_1.0.0.202411081344/tools/bin/../lib/gcc/arm-none-eabi/13.3.1/thumb/v7e-m+dp/hard/crtbegin.o
 *(.bss*)
 .bss.keypad_mode
                0x200000c8        0x1 ./Core/Src/main.o
                0x200000c8                keypad_mode
 *fill*         0x200000c9        0x3 
 .bss.uid       0x200000cc        0x5 ./Core/Src/main.o
                0x200000cc                uid
 *fill*         0x200000d1        0x3 
 .bss.tagType   0x200000d4        0x2 ./Core/Src/main.o
                0x200000d4                tagType
 .bss.status    0x200000d6        0x1 ./Core/Src/main.o
                0x200000d6                status
 .bss.system_mode
                0x200000d7        0x1 ./Core/Src/main.o
                0x200000d7                system_mode
 .bss.fail_count
                0x200000d8        0x1 ./Core/Src/main.o
                0x200000d8                fail_count
 .bss.is_locked
                0x200000d9        0x1 ./Core/Src/main.o
                0x200000d9                is_locked
 *fill*         0x200000da        0x2 
 .bss.lock_start_time
                0x200000dc        0x4 ./Core/Src/main.o
                0x200000dc                lock_start_time
 .bss.IC_Val1   0x200000e0        0x4 ./Core/Src/main.o
                0x200000e0                IC_Val1
 .bss.IC_Val2   0x200000e4        0x4 ./Core/Src/main.o
                0x200000e4                IC_Val2
 .bss.Difference
                0x200000e8        0x4 ./Core/Src/main.o
                0x200000e8                Difference
 .bss.Is_First_Captured
                0x200000ec        0x1 ./Core/Src/main.o
                0x200000ec                Is_First_Captured
 *fill*         0x200000ed        0x3 
 .bss.Distance  0x200000f0        0x4 ./Core/Src/main.o
                0x200000f0                Distance
 .bss.isPass    0x200000f4        0x1 ./Core/Src/main.o
                0x200000f4                isPass
 .bss.prev_state
                0x200000f5        0x1 ./Core/Src/main.o
                0x200000f5                prev_state
 *fill*         0x200000f6        0x2 
 .bss.count     0x200000f8        0x4 ./Core/Src/main.o
                0x200000f8                count
 .bss.screen    0x200000fc        0x1 ./Core/Src/main.o
                0x200000fc                screen
 *fill*         0x200000fd        0x3 
 .bss.hspi1     0x20000100       0x64 ./Core/Src/spi.o
                0x20000100                hspi1
 .bss.hspi5     0x20000164       0x64 ./Core/Src/spi.o
                0x20000164                hspi5
 .bss.__sbrk_heap_end
                0x200001c8        0x4 ./Core/Src/sysmem.o
 .bss.htim1     0x200001cc       0x4c ./Core/Src/tim.o
                0x200001cc                htim1
 .bss.htim2     0x20000218       0x4c ./Core/Src/tim.o
                0x20000218                htim2
 .bss.htim3     0x20000264       0x4c ./Core/Src/tim.o
                0x20000264                htim3
 .bss.htim4     0x200002b0       0x4c ./Core/Src/tim.o
                0x200002b0                htim4
 .bss.huart2    0x200002fc       0x88 ./Core/Src/usart.o
                0x200002fc                huart2
 .bss.huart3    0x20000384       0x88 ./Core/Src/usart.o
                0x20000384                huart3
 .bss.uwTick    0x2000040c        0x4 ./Drivers/STM32F7xx_HAL_Driver/Src/stm32f7xx_hal.o
                0x2000040c                uwTick
 .bss.__sf      0x20000410      0x138 C:/ST/STM32CubeIDE_1.19.0/STM32CubeIDE/plugins/com.st.stm32cube.ide.mcu.externaltools.gnu-tools-for-stm32.13.3.rel1.win32_1.0.0.202411081344/tools/bin/../lib/gcc/arm-none-eabi/13.3.1/../../../../arm-none-eabi/lib/thumb/v7e-m+dp/hard\libc_nano.a(libc_a-findfp.o)
                0x20000410                __sf
 .bss.errno     0x20000548        0x4 C:/ST/STM32CubeIDE_1.19.0/STM32CubeIDE/plugins/com.st.stm32cube.ide.mcu.externaltools.gnu-tools-for-stm32.13.3.rel1.win32_1.0.0.202411081344/tools/bin/../lib/gcc/arm-none-eabi/13.3.1/../../../../arm-none-eabi/lib/thumb/v7e-m+dp/hard\libc_nano.a(libc_a-reent.o)
                0x20000548                errno
 .bss.__lock___malloc_recursive_mutex
                0x2000054c        0x1 C:/ST/STM32CubeIDE_1.19.0/STM32CubeIDE/plugins/com.st.stm32cube.ide.mcu.externaltools.gnu-tools-for-stm32.13.3.rel1.win32_1.0.0.202411081344/tools/bin/../lib/gcc/arm-none-eabi/13.3.1/../../../../arm-none-eabi/lib/thumb/v7e-m+dp/hard\libc_nano.a(libc_a-lock.o)
                0x2000054c                __lock___malloc_recursive_mutex
 *fill*         0x2000054d        0x3 
 .bss.__malloc_sbrk_start
                0x20000550        0x4 C:/ST/STM32CubeIDE_1.19.0/STM32CubeIDE/plugins/com.st.stm32cube.ide.mcu.externaltools.gnu-tools-for-stm32.13.3.rel1.win32_1.0.0.202411081344/tools/bin/../lib/gcc/arm-none-eabi/13.3.1/../../../../arm-none-eabi/lib/thumb/v7e-m+dp/hard\libc_nano.a(libc_a-mallocr.o)
                0x20000550                __malloc_sbrk_start
 .bss.__malloc_free_list
                0x20000554        0x4 C:/ST/STM32CubeIDE_1.19.0/STM32CubeIDE/plugins/com.st.stm32cube.ide.mcu.externaltools.gnu-tools-for-stm32.13.3.rel1.win32_1.0.0.202411081344/tools/bin/../lib/gcc/arm-none-eabi/13.3.1/../../../../arm-none-eabi/lib/thumb/v7e-m+dp/hard\libc_nano.a(libc_a-mallocr.o)
                0x20000554                __malloc_free_list
 *(COMMON)
                0x20000558                        . = ALIGN (0x4)
                0x20000558                        _ebss = .
                0x20000558                        __bss_end__ = _ebss

._user_heap_stack
                0x20000558      0x600 load address 0x080090d8
                0x20000558                        . = ALIGN (0x8)
                [!provide]                        PROVIDE (end = .)
                0x20000558                        PROVIDE (_end = .)
                0x20000758                        . = (. + _Min_Heap_Size)
 *fill*         0x20000558      0x200 
                0x20000b58                        . = (. + _Min_Stack_Size)
 *fill*         0x20000758      0x400 
                0x20000b58                        . = ALIGN (0x8)

/DISCARD/
 libc.a(*)
 libm.a(*)
 libgcc.a(*)

.ARM.attributes
                0x00000000       0x2e
 *(.ARM.attributes)
 .ARM.attributes
                0x00000000       0x20 C:/ST/STM32CubeIDE_1.19.0/STM32CubeIDE/plugins/com.st.stm32cube.ide.mcu.externaltools.gnu-tools-for-stm32.13.3.rel1.win32_1.0.0.202411081344/tools/bin/../lib/gcc/arm-none-eabi/13.3.1/thumb/v7e-m+dp/hard/crti.o
 .ARM.attributes
                0x00000020       0x32 C:/ST/STM32CubeIDE_1.19.0/STM32CubeIDE/plugins/com.st.stm32cube.ide.mcu.externaltools.gnu-tools-for-stm32.13.3.rel1.win32_1.0.0.202411081344/tools/bin/../lib/gcc/arm-none-eabi/13.3.1/thumb/v7e-m+dp/hard/crtbegin.o
 .ARM.attributes
                0x00000052       0x32 ./Core/Src/ILI9341_GFX.o
 .ARM.attributes
                0x00000084       0x32 ./Core/Src/ILI9341_STM32_Driver.o
 .ARM.attributes
                0x000000b6       0x32 ./Core/Src/RC522.o
 .ARM.attributes
                0x000000e8       0x32 ./Core/Src/gpio.o
 .ARM.attributes
                0x0000011a       0x32 ./Core/Src/main.o
 .ARM.attributes
                0x0000014c       0x32 ./Core/Src/spi.o
 .ARM.attributes
                0x0000017e       0x32 ./Core/Src/stm32f7xx_hal_msp.o
 .ARM.attributes
                0x000001b0       0x32 ./Core/Src/stm32f7xx_it.o
 .ARM.attributes
                0x000001e2       0x32 ./Core/Src/sysmem.o
 .ARM.attributes
                0x00000214       0x32 ./Core/Src/system_stm32f7xx.o
 .ARM.attributes
                0x00000246       0x32 ./Core/Src/tim.o
 .ARM.attributes
                0x00000278       0x32 ./Core/Src/usart.o
 .ARM.attributes
                0x000002aa       0x21 ./Core/Startup/startup_stm32f767zitx.o
 .ARM.attributes
                0x000002cb       0x32 ./Drivers/STM32F7xx_HAL_Driver/Src/stm32f7xx_hal.o
 .ARM.attributes
                0x000002fd       0x32 ./Drivers/STM32F7xx_HAL_Driver/Src/stm32f7xx_hal_cortex.o
 .ARM.attributes
                0x0000032f       0x32 ./Drivers/STM32F7xx_HAL_Driver/Src/stm32f7xx_hal_dma.o
 .ARM.attributes
                0x00000361       0x32 ./Drivers/STM32F7xx_HAL_Driver/Src/stm32f7xx_hal_gpio.o
 .ARM.attributes
                0x00000393       0x32 ./Drivers/STM32F7xx_HAL_Driver/Src/stm32f7xx_hal_pwr_ex.o
 .ARM.attributes
                0x000003c5       0x32 ./Drivers/STM32F7xx_HAL_Driver/Src/stm32f7xx_hal_rcc.o
 .ARM.attributes
                0x000003f7       0x32 ./Drivers/STM32F7xx_HAL_Driver/Src/stm32f7xx_hal_rcc_ex.o
 .ARM.attributes
                0x00000429       0x32 ./Drivers/STM32F7xx_HAL_Driver/Src/stm32f7xx_hal_spi.o
 .ARM.attributes
                0x0000045b       0x32 ./Drivers/STM32F7xx_HAL_Driver/Src/stm32f7xx_hal_tim.o
 .ARM.attributes
                0x0000048d       0x32 ./Drivers/STM32F7xx_HAL_Driver/Src/stm32f7xx_hal_tim_ex.o
 .ARM.attributes
                0x000004bf       0x32 ./Drivers/STM32F7xx_HAL_Driver/Src/stm32f7xx_hal_uart.o
 .ARM.attributes
                0x000004f1       0x32 C:/ST/STM32CubeIDE_1.19.0/STM32CubeIDE/plugins/com.st.stm32cube.ide.mcu.externaltools.gnu-tools-for-stm32.13.3.rel1.win32_1.0.0.202411081344/tools/bin/../lib/gcc/arm-none-eabi/13.3.1/../../../../arm-none-eabi/lib/thumb/v7e-m+dp/hard\libc_nano.a(libc_a-findfp.o)
 .ARM.attributes
                0x00000523       0x32 C:/ST/STM32CubeIDE_1.19.0/STM32CubeIDE/plugins/com.st.stm32cube.ide.mcu.externaltools.gnu-tools-for-stm32.13.3.rel1.win32_1.0.0.202411081344/tools/bin/../lib/gcc/arm-none-eabi/13.3.1/../../../../arm-none-eabi/lib/thumb/v7e-m+dp/hard\libc_nano.a(libc_a-sprintf.o)
 .ARM.attributes
                0x00000555       0x32 C:/ST/STM32CubeIDE_1.19.0/STM32CubeIDE/plugins/com.st.stm32cube.ide.mcu.externaltools.gnu-tools-for-stm32.13.3.rel1.win32_1.0.0.202411081344/tools/bin/../lib/gcc/arm-none-eabi/13.3.1/../../../../arm-none-eabi/lib/thumb/v7e-m+dp/hard\libc_nano.a(libc_a-memcmp.o)
 .ARM.attributes
                0x00000587       0x32 C:/ST/STM32CubeIDE_1.19.0/STM32CubeIDE/plugins/com.st.stm32cube.ide.mcu.externaltools.gnu-tools-for-stm32.13.3.rel1.win32_1.0.0.202411081344/tools/bin/../lib/gcc/arm-none-eabi/13.3.1/../../../../arm-none-eabi/lib/thumb/v7e-m+dp/hard\libc_nano.a(libc_a-memset.o)
 .ARM.attributes
                0x000005b9       0x32 C:/ST/STM32CubeIDE_1.19.0/STM32CubeIDE/plugins/com.st.stm32cube.ide.mcu.externaltools.gnu-tools-for-stm32.13.3.rel1.win32_1.0.0.202411081344/tools/bin/../lib/gcc/arm-none-eabi/13.3.1/../../../../arm-none-eabi/lib/thumb/v7e-m+dp/hard\libc_nano.a(libc_a-reent.o)
 .ARM.attributes
                0x000005eb       0x32 C:/ST/STM32CubeIDE_1.19.0/STM32CubeIDE/plugins/com.st.stm32cube.ide.mcu.externaltools.gnu-tools-for-stm32.13.3.rel1.win32_1.0.0.202411081344/tools/bin/../lib/gcc/arm-none-eabi/13.3.1/../../../../arm-none-eabi/lib/thumb/v7e-m+dp/hard\libc_nano.a(libc_a-impure.o)
 .ARM.attributes
                0x0000061d       0x32 C:/ST/STM32CubeIDE_1.19.0/STM32CubeIDE/plugins/com.st.stm32cube.ide.mcu.externaltools.gnu-tools-for-stm32.13.3.rel1.win32_1.0.0.202411081344/tools/bin/../lib/gcc/arm-none-eabi/13.3.1/../../../../arm-none-eabi/lib/thumb/v7e-m+dp/hard\libc_nano.a(libc_a-errno.o)
 .ARM.attributes
                0x0000064f       0x32 C:/ST/STM32CubeIDE_1.19.0/STM32CubeIDE/plugins/com.st.stm32cube.ide.mcu.externaltools.gnu-tools-for-stm32.13.3.rel1.win32_1.0.0.202411081344/tools/bin/../lib/gcc/arm-none-eabi/13.3.1/../../../../arm-none-eabi/lib/thumb/v7e-m+dp/hard\libc_nano.a(libc_a-init.o)
 .ARM.attributes
                0x00000681       0x32 C:/ST/STM32CubeIDE_1.19.0/STM32CubeIDE/plugins/com.st.stm32cube.ide.mcu.externaltools.gnu-tools-for-stm32.13.3.rel1.win32_1.0.0.202411081344/tools/bin/../lib/gcc/arm-none-eabi/13.3.1/../../../../arm-none-eabi/lib/thumb/v7e-m+dp/hard\libc_nano.a(libc_a-lock.o)
 .ARM.attributes
                0x000006b3       0x1e C:/ST/STM32CubeIDE_1.19.0/STM32CubeIDE/plugins/com.st.stm32cube.ide.mcu.externaltools.gnu-tools-for-stm32.13.3.rel1.win32_1.0.0.202411081344/tools/bin/../lib/gcc/arm-none-eabi/13.3.1/../../../../arm-none-eabi/lib/thumb/v7e-m+dp/hard\libc_nano.a(libc_a-strcmp.o)
 .ARM.attributes
                0x000006d1       0x32 C:/ST/STM32CubeIDE_1.19.0/STM32CubeIDE/plugins/com.st.stm32cube.ide.mcu.externaltools.gnu-tools-for-stm32.13.3.rel1.win32_1.0.0.202411081344/tools/bin/../lib/gcc/arm-none-eabi/13.3.1/../../../../arm-none-eabi/lib/thumb/v7e-m+dp/hard\libc_nano.a(libc_a-strcpy.o)
 .ARM.attributes
                0x00000703       0x17 C:/ST/STM32CubeIDE_1.19.0/STM32CubeIDE/plugins/com.st.stm32cube.ide.mcu.externaltools.gnu-tools-for-stm32.13.3.rel1.win32_1.0.0.202411081344/tools/bin/../lib/gcc/arm-none-eabi/13.3.1/../../../../arm-none-eabi/lib/thumb/v7e-m+dp/hard\libc_nano.a(libc_a-strlen.o)
 .ARM.attributes
                0x0000071a       0x32 C:/ST/STM32CubeIDE_1.19.0/STM32CubeIDE/plugins/com.st.stm32cube.ide.mcu.externaltools.gnu-tools-for-stm32.13.3.rel1.win32_1.0.0.202411081344/tools/bin/../lib/gcc/arm-none-eabi/13.3.1/../../../../arm-none-eabi/lib/thumb/v7e-m+dp/hard\libc_nano.a(libc_a-freer.o)
 .ARM.attributes
                0x0000074c       0x32 C:/ST/STM32CubeIDE_1.19.0/STM32CubeIDE/plugins/com.st.stm32cube.ide.mcu.externaltools.gnu-tools-for-stm32.13.3.rel1.win32_1.0.0.202411081344/tools/bin/../lib/gcc/arm-none-eabi/13.3.1/../../../../arm-none-eabi/lib/thumb/v7e-m+dp/hard\libc_nano.a(libc_a-mallocr.o)
 .ARM.attributes
                0x0000077e       0x32 C:/ST/STM32CubeIDE_1.19.0/STM32CubeIDE/plugins/com.st.stm32cube.ide.mcu.externaltools.gnu-tools-for-stm32.13.3.rel1.win32_1.0.0.202411081344/tools/bin/../lib/gcc/arm-none-eabi/13.3.1/../../../../arm-none-eabi/lib/thumb/v7e-m+dp/hard\libc_nano.a(libc_a-mlock.o)
 .ARM.attributes
                0x000007b0       0x32 C:/ST/STM32CubeIDE_1.19.0/STM32CubeIDE/plugins/com.st.stm32cube.ide.mcu.externaltools.gnu-tools-for-stm32.13.3.rel1.win32_1.0.0.202411081344/tools/bin/../lib/gcc/arm-none-eabi/13.3.1/../../../../arm-none-eabi/lib/thumb/v7e-m+dp/hard\libc_nano.a(libc_a-nano-svfprintf.o)
 .ARM.attributes
                0x000007e2       0x32 C:/ST/STM32CubeIDE_1.19.0/STM32CubeIDE/plugins/com.st.stm32cube.ide.mcu.externaltools.gnu-tools-for-stm32.13.3.rel1.win32_1.0.0.202411081344/tools/bin/../lib/gcc/arm-none-eabi/13.3.1/../../../../arm-none-eabi/lib/thumb/v7e-m+dp/hard\libc_nano.a(libc_a-nano-vfprintf_i.o)
 .ARM.attributes
                0x00000814       0x32 C:/ST/STM32CubeIDE_1.19.0/STM32CubeIDE/plugins/com.st.stm32cube.ide.mcu.externaltools.gnu-tools-for-stm32.13.3.rel1.win32_1.0.0.202411081344/tools/bin/../lib/gcc/arm-none-eabi/13.3.1/../../../../arm-none-eabi/lib/thumb/v7e-m+dp/hard\libc_nano.a(libc_a-memmove.o)
 .ARM.attributes
                0x00000846       0x32 C:/ST/STM32CubeIDE_1.19.0/STM32CubeIDE/plugins/com.st.stm32cube.ide.mcu.externaltools.gnu-tools-for-stm32.13.3.rel1.win32_1.0.0.202411081344/tools/bin/../lib/gcc/arm-none-eabi/13.3.1/../../../../arm-none-eabi/lib/thumb/v7e-m+dp/hard\libc_nano.a(libc_a-sbrkr.o)
 .ARM.attributes
                0x00000878       0x1c C:/ST/STM32CubeIDE_1.19.0/STM32CubeIDE/plugins/com.st.stm32cube.ide.mcu.externaltools.gnu-tools-for-stm32.13.3.rel1.win32_1.0.0.202411081344/tools/bin/../lib/gcc/arm-none-eabi/13.3.1/../../../../arm-none-eabi/lib/thumb/v7e-m+dp/hard\libc_nano.a(libc_a-memchr.o)
 .ARM.attributes
                0x00000894       0x32 C:/ST/STM32CubeIDE_1.19.0/STM32CubeIDE/plugins/com.st.stm32cube.ide.mcu.externaltools.gnu-tools-for-stm32.13.3.rel1.win32_1.0.0.202411081344/tools/bin/../lib/gcc/arm-none-eabi/13.3.1/../../../../arm-none-eabi/lib/thumb/v7e-m+dp/hard\libc_nano.a(libc_a-memcpy-stub.o)
 .ARM.attributes
                0x000008c6       0x32 C:/ST/STM32CubeIDE_1.19.0/STM32CubeIDE/plugins/com.st.stm32cube.ide.mcu.externaltools.gnu-tools-for-stm32.13.3.rel1.win32_1.0.0.202411081344/tools/bin/../lib/gcc/arm-none-eabi/13.3.1/../../../../arm-none-eabi/lib/thumb/v7e-m+dp/hard\libc_nano.a(libc_a-reallocr.o)
 .ARM.attributes
                0x000008f8       0x32 C:/ST/STM32CubeIDE_1.19.0/STM32CubeIDE/plugins/com.st.stm32cube.ide.mcu.externaltools.gnu-tools-for-stm32.13.3.rel1.win32_1.0.0.202411081344/tools/bin/../lib/gcc/arm-none-eabi/13.3.1/../../../../arm-none-eabi/lib/thumb/v7e-m+dp/hard\libc_nano.a(libc_a-msizer.o)
 .ARM.attributes
                0x0000092a       0x20 C:/ST/STM32CubeIDE_1.19.0/STM32CubeIDE/plugins/com.st.stm32cube.ide.mcu.externaltools.gnu-tools-for-stm32.13.3.rel1.win32_1.0.0.202411081344/tools/bin/../lib/gcc/arm-none-eabi/13.3.1/thumb/v7e-m+dp/hard\libgcc.a(_aeabi_uldivmod.o)
 .ARM.attributes
                0x0000094a       0x32 C:/ST/STM32CubeIDE_1.19.0/STM32CubeIDE/plugins/com.st.stm32cube.ide.mcu.externaltools.gnu-tools-for-stm32.13.3.rel1.win32_1.0.0.202411081344/tools/bin/../lib/gcc/arm-none-eabi/13.3.1/thumb/v7e-m+dp/hard\libgcc.a(_udivmoddi4.o)
 .ARM.attributes
                0x0000097c       0x20 C:/ST/STM32CubeIDE_1.19.0/STM32CubeIDE/plugins/com.st.stm32cube.ide.mcu.externaltools.gnu-tools-for-stm32.13.3.rel1.win32_1.0.0.202411081344/tools/bin/../lib/gcc/arm-none-eabi/13.3.1/thumb/v7e-m+dp/hard\libgcc.a(_dvmd_tls.o)
 .ARM.attributes
                0x0000099c       0x20 C:/ST/STM32CubeIDE_1.19.0/STM32CubeIDE/plugins/com.st.stm32cube.ide.mcu.externaltools.gnu-tools-for-stm32.13.3.rel1.win32_1.0.0.202411081344/tools/bin/../lib/gcc/arm-none-eabi/13.3.1/thumb/v7e-m+dp/hard/crtn.o
OUTPUT(RC522_Smart Lock.elf elf32-littlearm)
LOAD linker stubs
LOAD C:/ST/STM32CubeIDE_1.19.0/STM32CubeIDE/plugins/com.st.stm32cube.ide.mcu.externaltools.gnu-tools-for-stm32.13.3.rel1.win32_1.0.0.202411081344/tools/bin/../lib/gcc/arm-none-eabi/13.3.1/../../../../arm-none-eabi/lib/thumb/v7e-m+dp/hard\libc.a
LOAD C:/ST/STM32CubeIDE_1.19.0/STM32CubeIDE/plugins/com.st.stm32cube.ide.mcu.externaltools.gnu-tools-for-stm32.13.3.rel1.win32_1.0.0.202411081344/tools/bin/../lib/gcc/arm-none-eabi/13.3.1/../../../../arm-none-eabi/lib/thumb/v7e-m+dp/hard\libm.a
LOAD C:/ST/STM32CubeIDE_1.19.0/STM32CubeIDE/plugins/com.st.stm32cube.ide.mcu.externaltools.gnu-tools-for-stm32.13.3.rel1.win32_1.0.0.202411081344/tools/bin/../lib/gcc/arm-none-eabi/13.3.1/thumb/v7e-m+dp/hard\libgcc.a

.debug_info     0x00000000    0x15971
 .debug_info    0x00000000      0xd98 ./Core/Src/ILI9341_GFX.o
 .debug_info    0x00000d98      0xb1a ./Core/Src/ILI9341_STM32_Driver.o
 .debug_info    0x000018b2      0xc71 ./Core/Src/RC522.o
 .debug_info    0x00002523      0x49d ./Core/Src/gpio.o
 .debug_info    0x000029c0     0x188f ./Core/Src/main.o
 .debug_info    0x0000424f      0x9f0 ./Core/Src/spi.o
 .debug_info    0x00004c3f      0x28d ./Core/Src/stm32f7xx_hal_msp.o
 .debug_info    0x00004ecc      0xb32 ./Core/Src/stm32f7xx_it.o
 .debug_info    0x000059fe      0x168 ./Core/Src/sysmem.o
 .debug_info    0x00005b66      0x6ed ./Core/Src/system_stm32f7xx.o
 .debug_info    0x00006253     0x11c0 ./Core/Src/tim.o
 .debug_info    0x00007413      0xfec ./Core/Src/usart.o
 .debug_info    0x000083ff       0x30 ./Core/Startup/startup_stm32f767zitx.o
 .debug_info    0x0000842f      0xa4c ./Drivers/STM32F7xx_HAL_Driver/Src/stm32f7xx_hal.o
 .debug_info    0x00008e7b      0xfc0 ./Drivers/STM32F7xx_HAL_Driver/Src/stm32f7xx_hal_cortex.o
 .debug_info    0x00009e3b      0x8e7 ./Drivers/STM32F7xx_HAL_Driver/Src/stm32f7xx_hal_dma.o
 .debug_info    0x0000a722      0x6f3 ./Drivers/STM32F7xx_HAL_Driver/Src/stm32f7xx_hal_gpio.o
 .debug_info    0x0000ae15      0x8cd ./Drivers/STM32F7xx_HAL_Driver/Src/stm32f7xx_hal_pwr_ex.o
 .debug_info    0x0000b6e2      0x94b ./Drivers/STM32F7xx_HAL_Driver/Src/stm32f7xx_hal_rcc.o
 .debug_info    0x0000c02d      0x6e1 ./Drivers/STM32F7xx_HAL_Driver/Src/stm32f7xx_hal_rcc_ex.o
 .debug_info    0x0000c70e     0x15c0 ./Drivers/STM32F7xx_HAL_Driver/Src/stm32f7xx_hal_spi.o
 .debug_info    0x0000dcce     0x2ad5 ./Drivers/STM32F7xx_HAL_Driver/Src/stm32f7xx_hal_tim.o
 .debug_info    0x000107a3     0x16bb ./Drivers/STM32F7xx_HAL_Driver/Src/stm32f7xx_hal_tim_ex.o
 .debug_info    0x00011e5e     0x3b13 ./Drivers/STM32F7xx_HAL_Driver/Src/stm32f7xx_hal_uart.o

.debug_abbrev   0x00000000     0x31c1
 .debug_abbrev  0x00000000      0x268 ./Core/Src/ILI9341_GFX.o
 .debug_abbrev  0x00000268      0x281 ./Core/Src/ILI9341_STM32_Driver.o
 .debug_abbrev  0x000004e9      0x2a3 ./Core/Src/RC522.o
 .debug_abbrev  0x0000078c      0x152 ./Core/Src/gpio.o
 .debug_abbrev  0x000008de      0x38a ./Core/Src/main.o
 .debug_abbrev  0x00000c68      0x200 ./Core/Src/spi.o
 .debug_abbrev  0x00000e68       0xd8 ./Core/Src/stm32f7xx_hal_msp.o
 .debug_abbrev  0x00000f40      0x1b5 ./Core/Src/stm32f7xx_it.o
 .debug_abbrev  0x000010f5       0xbc ./Core/Src/sysmem.o
 .debug_abbrev  0x000011b1      0x13b ./Core/Src/system_stm32f7xx.o
 .debug_abbrev  0x000012ec      0x26e ./Core/Src/tim.o
 .debug_abbrev  0x0000155a      0x21e ./Core/Src/usart.o
 .debug_abbrev  0x00001778       0x24 ./Core/Startup/startup_stm32f767zitx.o
 .debug_abbrev  0x0000179c      0x213 ./Drivers/STM32F7xx_HAL_Driver/Src/stm32f7xx_hal.o
 .debug_abbrev  0x000019af      0x31e ./Drivers/STM32F7xx_HAL_Driver/Src/stm32f7xx_hal_cortex.o
 .debug_abbrev  0x00001ccd      0x264 ./Drivers/STM32F7xx_HAL_Driver/Src/stm32f7xx_hal_dma.o
 .debug_abbrev  0x00001f31      0x1d4 ./Drivers/STM32F7xx_HAL_Driver/Src/stm32f7xx_hal_gpio.o
 .debug_abbrev  0x00002105      0x1d5 ./Drivers/STM32F7xx_HAL_Driver/Src/stm32f7xx_hal_pwr_ex.o
 .debug_abbrev  0x000022da      0x2de ./Drivers/STM32F7xx_HAL_Driver/Src/stm32f7xx_hal_rcc.o
 .debug_abbrev  0x000025b8      0x1c9 ./Drivers/STM32F7xx_HAL_Driver/Src/stm32f7xx_hal_rcc_ex.o
 .debug_abbrev  0x00002781      0x25f ./Drivers/STM32F7xx_HAL_Driver/Src/stm32f7xx_hal_spi.o
 .debug_abbrev  0x000029e0      0x278 ./Drivers/STM32F7xx_HAL_Driver/Src/stm32f7xx_hal_tim.o
 .debug_abbrev  0x00002c58      0x283 ./Drivers/STM32F7xx_HAL_Driver/Src/stm32f7xx_hal_tim_ex.o
 .debug_abbrev  0x00002edb      0x2e6 ./Drivers/STM32F7xx_HAL_Driver/Src/stm32f7xx_hal_uart.o

.debug_aranges  0x00000000     0x11f0
 .debug_aranges
                0x00000000       0x50 ./Core/Src/ILI9341_GFX.o
 .debug_aranges
                0x00000050       0x98 ./Core/Src/ILI9341_STM32_Driver.o
 .debug_aranges
                0x000000e8       0xa8 ./Core/Src/RC522.o
 .debug_aranges
                0x00000190       0x20 ./Core/Src/gpio.o
 .debug_aranges
                0x000001b0       0x88 ./Core/Src/main.o
 .debug_aranges
                0x00000238       0x38 ./Core/Src/spi.o
 .debug_aranges
                0x00000270       0x20 ./Core/Src/stm32f7xx_hal_msp.o
 .debug_aranges
                0x00000290       0x88 ./Core/Src/stm32f7xx_it.o
 .debug_aranges
                0x00000318       0x20 ./Core/Src/sysmem.o
 .debug_aranges
                0x00000338       0x28 ./Core/Src/system_stm32f7xx.o
 .debug_aranges
                0x00000360       0x50 ./Core/Src/tim.o
 .debug_aranges
                0x000003b0       0x38 ./Core/Src/usart.o
 .debug_aranges
                0x000003e8       0x28 ./Core/Startup/startup_stm32f767zitx.o
 .debug_aranges
                0x00000410      0x110 ./Drivers/STM32F7xx_HAL_Driver/Src/stm32f7xx_hal.o
 .debug_aranges
                0x00000520      0x128 ./Drivers/STM32F7xx_HAL_Driver/Src/stm32f7xx_hal_cortex.o
 .debug_aranges
                0x00000648       0x90 ./Drivers/STM32F7xx_HAL_Driver/Src/stm32f7xx_hal_dma.o
 .debug_aranges
                0x000006d8       0x58 ./Drivers/STM32F7xx_HAL_Driver/Src/stm32f7xx_hal_gpio.o
 .debug_aranges
                0x00000730       0x80 ./Drivers/STM32F7xx_HAL_Driver/Src/stm32f7xx_hal_pwr_ex.o
 .debug_aranges
                0x000007b0       0x88 ./Drivers/STM32F7xx_HAL_Driver/Src/stm32f7xx_hal_rcc.o
 .debug_aranges
                0x00000838       0x50 ./Drivers/STM32F7xx_HAL_Driver/Src/stm32f7xx_hal_rcc_ex.o
 .debug_aranges
                0x00000888      0x1d8 ./Drivers/STM32F7xx_HAL_Driver/Src/stm32f7xx_hal_spi.o
 .debug_aranges
                0x00000a60      0x3e0 ./Drivers/STM32F7xx_HAL_Driver/Src/stm32f7xx_hal_tim.o
 .debug_aranges
                0x00000e40      0x180 ./Drivers/STM32F7xx_HAL_Driver/Src/stm32f7xx_hal_tim_ex.o
 .debug_aranges
                0x00000fc0      0x230 ./Drivers/STM32F7xx_HAL_Driver/Src/stm32f7xx_hal_uart.o

.debug_rnglists
                0x00000000      0xdf9
 .debug_rnglists
                0x00000000       0x3d ./Core/Src/ILI9341_GFX.o
 .debug_rnglists
                0x0000003d       0x75 ./Core/Src/ILI9341_STM32_Driver.o
 .debug_rnglists
                0x000000b2       0x7e ./Core/Src/RC522.o
 .debug_rnglists
                0x00000130       0x14 ./Core/Src/gpio.o
 .debug_rnglists
                0x00000144       0x67 ./Core/Src/main.o
 .debug_rnglists
                0x000001ab       0x26 ./Core/Src/spi.o
 .debug_rnglists
                0x000001d1       0x13 ./Core/Src/stm32f7xx_hal_msp.o
 .debug_rnglists
                0x000001e4       0x61 ./Core/Src/stm32f7xx_it.o
 .debug_rnglists
                0x00000245       0x13 ./Core/Src/sysmem.o
 .debug_rnglists
                0x00000258       0x1a ./Core/Src/system_stm32f7xx.o
 .debug_rnglists
                0x00000272       0x3e ./Core/Src/tim.o
 .debug_rnglists
                0x000002b0       0x26 ./Core/Src/usart.o
 .debug_rnglists
                0x000002d6       0x19 ./Core/Startup/startup_stm32f767zitx.o
 .debug_rnglists
                0x000002ef       0xc7 ./Drivers/STM32F7xx_HAL_Driver/Src/stm32f7xx_hal.o
 .debug_rnglists
                0x000003b6       0xda ./Drivers/STM32F7xx_HAL_Driver/Src/stm32f7xx_hal_cortex.o
 .debug_rnglists
                0x00000490       0x70 ./Drivers/STM32F7xx_HAL_Driver/Src/stm32f7xx_hal_dma.o
 .debug_rnglists
                0x00000500       0x3f ./Drivers/STM32F7xx_HAL_Driver/Src/stm32f7xx_hal_gpio.o
 .debug_rnglists
                0x0000053f       0x5f ./Drivers/STM32F7xx_HAL_Driver/Src/stm32f7xx_hal_pwr_ex.o
 .debug_rnglists
                0x0000059e       0x67 ./Drivers/STM32F7xx_HAL_Driver/Src/stm32f7xx_hal_rcc.o
 .debug_rnglists
                0x00000605       0x3c ./Drivers/STM32F7xx_HAL_Driver/Src/stm32f7xx_hal_rcc_ex.o
 .debug_rnglists
                0x00000641      0x178 ./Drivers/STM32F7xx_HAL_Driver/Src/stm32f7xx_hal_spi.o
 .debug_rnglists
                0x000007b9      0x328 ./Drivers/STM32F7xx_HAL_Driver/Src/stm32f7xx_hal_tim.o
 .debug_rnglists
                0x00000ae1      0x138 ./Drivers/STM32F7xx_HAL_Driver/Src/stm32f7xx_hal_tim_ex.o
 .debug_rnglists
                0x00000c19      0x1e0 ./Drivers/STM32F7xx_HAL_Driver/Src/stm32f7xx_hal_uart.o

.debug_macro    0x00000000    0x2995a
 .debug_macro   0x00000000      0x22c ./Core/Src/ILI9341_GFX.o
 .debug_macro   0x0000022c      0xaf0 ./Core/Src/ILI9341_GFX.o
 .debug_macro   0x00000d1c      0x299 ./Core/Src/ILI9341_GFX.o
 .debug_macro   0x00000fb5       0x2e ./Core/Src/ILI9341_GFX.o
 .debug_macro   0x00000fe3       0x3b ./Core/Src/ILI9341_GFX.o
 .debug_macro   0x0000101e       0x22 ./Core/Src/ILI9341_GFX.o
 .debug_macro   0x00001040       0x8e ./Core/Src/ILI9341_GFX.o
 .debug_macro   0x000010ce       0x51 ./Core/Src/ILI9341_GFX.o
 .debug_macro   0x0000111f      0x103 ./Core/Src/ILI9341_GFX.o
 .debug_macro   0x00001222       0x6a ./Core/Src/ILI9341_GFX.o
 .debug_macro   0x0000128c      0x1df ./Core/Src/ILI9341_GFX.o
 .debug_macro   0x0000146b       0x1c ./Core/Src/ILI9341_GFX.o
 .debug_macro   0x00001487       0x22 ./Core/Src/ILI9341_GFX.o
 .debug_macro   0x000014a9       0xd9 ./Core/Src/ILI9341_GFX.o
 .debug_macro   0x00001582     0x12cd ./Core/Src/ILI9341_GFX.o
 .debug_macro   0x0000284f      0x11f ./Core/Src/ILI9341_GFX.o
 .debug_macro   0x0000296e       0x19 ./Core/Src/ILI9341_GFX.o
 .debug_macro   0x00002987    0x1aa23 ./Core/Src/ILI9341_GFX.o
 .debug_macro   0x0001d3aa       0x6d ./Core/Src/ILI9341_GFX.o
 .debug_macro   0x0001d417     0x375e ./Core/Src/ILI9341_GFX.o
 .debug_macro   0x00020b75      0x190 ./Core/Src/ILI9341_GFX.o
 .debug_macro   0x00020d05       0x63 ./Core/Src/ILI9341_GFX.o
 .debug_macro   0x00020d68     0x1add ./Core/Src/ILI9341_GFX.o
 .debug_macro   0x00022845      0x6c4 ./Core/Src/ILI9341_GFX.o
 .debug_macro   0x00022f09      0x18b ./Core/Src/ILI9341_GFX.o
 .debug_macro   0x00023094      0x115 ./Core/Src/ILI9341_GFX.o
 .debug_macro   0x000231a9      0x26e ./Core/Src/ILI9341_GFX.o
 .debug_macro   0x00023417       0xa5 ./Core/Src/ILI9341_GFX.o
 .debug_macro   0x000234bc      0x24f ./Core/Src/ILI9341_GFX.o
 .debug_macro   0x0002370b       0x71 ./Core/Src/ILI9341_GFX.o
 .debug_macro   0x0002377c       0x58 ./Core/Src/ILI9341_GFX.o
 .debug_macro   0x000237d4      0x236 ./Core/Src/ILI9341_GFX.o
 .debug_macro   0x00023a0a      0x14e ./Core/Src/ILI9341_GFX.o
 .debug_macro   0x00023b58      0x3db ./Core/Src/ILI9341_GFX.o
 .debug_macro   0x00023f33       0x12 ./Core/Src/ILI9341_GFX.o
 .debug_macro   0x00023f45      0x22c ./Core/Src/ILI9341_GFX.o
 .debug_macro   0x00024171       0x61 ./Core/Src/ILI9341_GFX.o
 .debug_macro   0x000241d2       0xa5 ./Core/Src/ILI9341_GFX.o
 .debug_macro   0x00024277      0x12e ./Core/Src/ILI9341_GFX.o
 .debug_macro   0x000243a5      0x108 ./Core/Src/ILI9341_GFX.o
 .debug_macro   0x000244ad       0x35 ./Core/Src/ILI9341_GFX.o
 .debug_macro   0x000244e2      0x2fe ./Core/Src/ILI9341_GFX.o
 .debug_macro   0x000247e0      0xa91 ./Core/Src/ILI9341_GFX.o
 .debug_macro   0x00025271       0xa9 ./Core/Src/ILI9341_GFX.o
 .debug_macro   0x0002531a      0x5ba ./Core/Src/ILI9341_GFX.o
 .debug_macro   0x000258d4       0x44 ./Core/Src/ILI9341_GFX.o
 .debug_macro   0x00025918      0x15b ./Core/Src/ILI9341_GFX.o
 .debug_macro   0x00025a73       0xd0 ./Core/Src/ILI9341_GFX.o
 .debug_macro   0x00025b43       0x16 ./Core/Src/ILI9341_GFX.o
 .debug_macro   0x00025b59       0x16 ./Core/Src/ILI9341_GFX.o
 .debug_macro   0x00025b6f       0x6a ./Core/Src/ILI9341_GFX.o
 .debug_macro   0x00025bd9      0x224 ./Core/Src/ILI9341_STM32_Driver.o
 .debug_macro   0x00025dfd      0x201 ./Core/Src/RC522.o
 .debug_macro   0x00025ffe      0x23e ./Core/Src/RC522.o
 .debug_macro   0x0002623c      0x211 ./Core/Src/gpio.o
 .debug_macro   0x0002644d       0x64 ./Core/Src/gpio.o
 .debug_macro   0x000264b1      0x3a4 ./Core/Src/main.o
 .debug_macro   0x00026855       0x61 ./Core/Src/main.o
 .debug_macro   0x000268b6       0x29 ./Core/Src/main.o
 .debug_macro   0x000268df       0x43 ./Core/Src/main.o
 .debug_macro   0x00026922       0x34 ./Core/Src/main.o
 .debug_macro   0x00026956       0x16 ./Core/Src/main.o
 .debug_macro   0x0002696c       0x3c ./Core/Src/main.o
 .debug_macro   0x000269a8      0x370 ./Core/Src/main.o
 .debug_macro   0x00026d18       0x10 ./Core/Src/main.o
 .debug_macro   0x00026d28       0x16 ./Core/Src/main.o
 .debug_macro   0x00026d3e       0x4a ./Core/Src/main.o
 .debug_macro   0x00026d88       0x34 ./Core/Src/main.o
 .debug_macro   0x00026dbc       0x10 ./Core/Src/main.o
 .debug_macro   0x00026dcc       0x58 ./Core/Src/main.o
 .debug_macro   0x00026e24       0x8e ./Core/Src/main.o
 .debug_macro   0x00026eb2       0x1c ./Core/Src/main.o
 .debug_macro   0x00026ece      0x185 ./Core/Src/main.o
 .debug_macro   0x00027053       0x16 ./Core/Src/main.o
 .debug_macro   0x00027069       0x16 ./Core/Src/main.o
 .debug_macro   0x0002707f      0x146 ./Core/Src/main.o
 .debug_macro   0x000271c5       0x16 ./Core/Src/main.o
 .debug_macro   0x000271db       0x20 ./Core/Src/main.o
 .debug_macro   0x000271fb       0x22 ./Core/Src/main.o
 .debug_macro   0x0002721d       0x95 ./Core/Src/main.o
 .debug_macro   0x000272b2       0xd6 ./Core/Src/main.o
 .debug_macro   0x00027388      0x211 ./Core/Src/spi.o
 .debug_macro   0x00027599      0x207 ./Core/Src/stm32f7xx_hal_msp.o
 .debug_macro   0x000277a0      0x211 ./Core/Src/stm32f7xx_it.o
 .debug_macro   0x000279b1      0x112 ./Core/Src/sysmem.o
 .debug_macro   0x00027ac3      0x23c ./Core/Src/sysmem.o
 .debug_macro   0x00027cff      0x1f8 ./Core/Src/system_stm32f7xx.o
 .debug_macro   0x00027ef7      0x211 ./Core/Src/tim.o
 .debug_macro   0x00028108      0x211 ./Core/Src/usart.o
 .debug_macro   0x00028319      0x21c ./Drivers/STM32F7xx_HAL_Driver/Src/stm32f7xx_hal.o
 .debug_macro   0x00028535      0x1f8 ./Drivers/STM32F7xx_HAL_Driver/Src/stm32f7xx_hal_cortex.o
 .debug_macro   0x0002872d      0x1fe ./Drivers/STM32F7xx_HAL_Driver/Src/stm32f7xx_hal_dma.o
 .debug_macro   0x0002892b      0x1fe ./Drivers/STM32F7xx_HAL_Driver/Src/stm32f7xx_hal_gpio.o
 .debug_macro   0x00028b29      0x210 ./Drivers/STM32F7xx_HAL_Driver/Src/stm32f7xx_hal_pwr_ex.o
 .debug_macro   0x00028d39      0x21c ./Drivers/STM32F7xx_HAL_Driver/Src/stm32f7xx_hal_rcc.o
 .debug_macro   0x00028f55      0x1f8 ./Drivers/STM32F7xx_HAL_Driver/Src/stm32f7xx_hal_rcc_ex.o
 .debug_macro   0x0002914d      0x207 ./Drivers/STM32F7xx_HAL_Driver/Src/stm32f7xx_hal_spi.o
 .debug_macro   0x00029354      0x1f9 ./Drivers/STM32F7xx_HAL_Driver/Src/stm32f7xx_hal_tim.o
 .debug_macro   0x0002954d      0x1f8 ./Drivers/STM32F7xx_HAL_Driver/Src/stm32f7xx_hal_tim_ex.o
 .debug_macro   0x00029745      0x215 ./Drivers/STM32F7xx_HAL_Driver/Src/stm32f7xx_hal_uart.o

.debug_line     0x00000000    0x17b09
 .debug_line    0x00000000      0xb7d ./Core/Src/ILI9341_GFX.o
 .debug_line    0x00000b7d      0xb0f ./Core/Src/ILI9341_STM32_Driver.o
 .debug_line    0x0000168c      0xc3c ./Core/Src/RC522.o
 .debug_line    0x000022c8      0x816 ./Core/Src/gpio.o
 .debug_line    0x00002ade      0xfc2 ./Core/Src/main.o
 .debug_line    0x00003aa0      0x89f ./Core/Src/spi.o
 .debug_line    0x0000433f      0x7a2 ./Core/Src/stm32f7xx_hal_msp.o
 .debug_line    0x00004ae1      0x8cc ./Core/Src/stm32f7xx_it.o
 .debug_line    0x000053ad      0x588 ./Core/Src/sysmem.o
 .debug_line    0x00005935      0x816 ./Core/Src/system_stm32f7xx.o
 .debug_line    0x0000614b      0xa7b ./Core/Src/tim.o
 .debug_line    0x00006bc6      0x8b4 ./Core/Src/usart.o
 .debug_line    0x0000747a       0x7a ./Core/Startup/startup_stm32f767zitx.o
 .debug_line    0x000074f4      0xaf9 ./Drivers/STM32F7xx_HAL_Driver/Src/stm32f7xx_hal.o
 .debug_line    0x00007fed      0xd49 ./Drivers/STM32F7xx_HAL_Driver/Src/stm32f7xx_hal_cortex.o
 .debug_line    0x00008d36     0x1016 ./Drivers/STM32F7xx_HAL_Driver/Src/stm32f7xx_hal_dma.o
 .debug_line    0x00009d4c      0xc23 ./Drivers/STM32F7xx_HAL_Driver/Src/stm32f7xx_hal_gpio.o
 .debug_line    0x0000a96f      0xa99 ./Drivers/STM32F7xx_HAL_Driver/Src/stm32f7xx_hal_pwr_ex.o
 .debug_line    0x0000b408      0xffe ./Drivers/STM32F7xx_HAL_Driver/Src/stm32f7xx_hal_rcc.o
 .debug_line    0x0000c406      0xf4c ./Drivers/STM32F7xx_HAL_Driver/Src/stm32f7xx_hal_rcc_ex.o
 .debug_line    0x0000d352     0x20cf ./Drivers/STM32F7xx_HAL_Driver/Src/stm32f7xx_hal_spi.o
 .debug_line    0x0000f421     0x3d64 ./Drivers/STM32F7xx_HAL_Driver/Src/stm32f7xx_hal_tim.o
 .debug_line    0x00013185     0x1bcf ./Drivers/STM32F7xx_HAL_Driver/Src/stm32f7xx_hal_tim_ex.o
 .debug_line    0x00014d54     0x2db5 ./Drivers/STM32F7xx_HAL_Driver/Src/stm32f7xx_hal_uart.o

.debug_str      0x00000000    0xff174
 .debug_str     0x00000000    0xff174 ./Core/Src/ILI9341_GFX.o
                              0xf6435 (size before relaxing)
 .debug_str     0x000ff174    0xf63fa ./Core/Src/ILI9341_STM32_Driver.o
 .debug_str     0x000ff174    0xf6637 ./Core/Src/RC522.o
 .debug_str     0x000ff174    0xf5c28 ./Core/Src/gpio.o
 .debug_str     0x000ff174    0xfae0b ./Core/Src/main.o
 .debug_str     0x000ff174    0xf60e2 ./Core/Src/spi.o
 .debug_str     0x000ff174    0xf5b5d ./Core/Src/stm32f7xx_hal_msp.o
 .debug_str     0x000ff174    0xf6333 ./Core/Src/stm32f7xx_it.o